<html>
<body>
<pre>
<h1>礦ision Build Log</h1>
<h2>Tool Versions:</h2>
IDE-Version: μVision V5.14.0.0
Copyright (C) 2015 ARM Ltd and ARM Germany GmbH. All rights reserved.
License Information: www www, www, LIC=----
 
Tool Versions:
Toolchain:       MDK-Lite  Version: 5.14.0.0
Toolchain Path:  C:\Keil_v5\ARM\ARMCC\Bin
C Compiler:      Armcc.exe V5.05 update 1 (build 106)
Assembler:       Armasm.exe V5.05 update 1 (build 106)
Linker/Locator:  ArmLink.exe V5.05 update 1 (build 106)
Library Manager: ArmAr.exe V5.05 update 1 (build 106)
Hex Converter:   FromElf.exe V5.05 update 1 (build 106)
CPU DLL:         SARMCM3.DLL V5.14.0.0
Dialog DLL:      DRAMSTM.DLL
Target DLL:      Segger\JL2CM3.dll V2.99.13.0
Dialog DLL:      DRAMSTM.DLL
 
<h2>Project:</h2>
C:\Users\93742\Documents\探索者F4 资料盘(A盘)\4，程序源码\2，标准例程-库函数版本\实验9 PWM输出实验\USER\PWM.uvprojx
Project File Date:  02/13/2020

<h2>Output:</h2>
Build target 'PWM'
compiling pwm.c...
..\HARDWARE\PWM\pwm.c(209): warning:  #177-D: variable "TIM2_ICInitStructure" was declared but never referenced
        TIM_ICInitTypeDef  TIM2_ICInitStructure;
..\HARDWARE\PWM\pwm.c: 1 warning, 0 errors
linking...
Program Size: Code=20152 RO-data=600 RW-data=212 ZI-data=1772  
FromELF: creating hex file...
"..\OBJ\PWM.axf" - 0 Error(s), 1 Warning(s).

<h2>Collection of Component include folders:</h2>
  C:\Users\93742\Documents\探索者F4 资料盘(A盘)\4，程序源码\2，标准例程-库函数版本\实验9 PWM输出实验\USER\RTE
  C:\Keil_v5\ARM\PACK\Keil\STM32F4xx_DFP\2.12.0

<h2>Collection of Component Files used:</h2>
</pre>
</body>
</html>
