Component: ARM Compiler 5.05 update 1 (build 106) Tool: armlink [4d0efa]

==============================================================================

Section Cross References

    main.o(.text) refers to misc.o(.text) for NVIC_PriorityGroupConfig
    main.o(.text) refers to delay.o(.text) for delay_init
    main.o(.text) refers to usart.o(.text) for uart_init
    main.o(.text) refers to pwm.o(.text) for TIM1_PWM_Init
    main.o(.text) refers to usart.o(.bss) for alldata
    pwm.o(.text) refers to _printf_pad.o(.text) for _printf_pre_padding
    pwm.o(.text) refers to _printf_percent.o(.ARM.Collect$$_printf_percent$$00000000) for _printf_percent
    pwm.o(.text) refers to _printf_d.o(.ARM.Collect$$_printf_percent$$00000009) for _printf_d
    pwm.o(.text) refers to _printf_f.o(.ARM.Collect$$_printf_percent$$00000003) for _printf_f
    pwm.o(.text) refers to _printf_dec.o(.text) for _printf_int_dec
    pwm.o(.text) refers to printf1.o(x$fpl$printf1) for _printf_fp_dec
    pwm.o(.text) refers to stm32f4xx_rcc.o(.text) for RCC_APB2PeriphClockCmd
    pwm.o(.text) refers to stm32f4xx_gpio.o(.text) for GPIO_PinAFConfig
    pwm.o(.text) refers to stm32f4xx_tim.o(.text) for TIM_TimeBaseInit
    pwm.o(.text) refers to misc.o(.text) for NVIC_Init
    pwm.o(.text) refers to usart.o(.data) for real_v
    pwm.o(.text) refers to pwm.o(.data) for Odom1
    pwm.o(.text) refers to usart.o(.bss) for alldata
    pwm.o(.text) refers to dflt_clz.o(x$fpl$dflt) for __aeabi_i2d
    pwm.o(.text) refers to daddsub_clz.o(x$fpl$dsub) for __aeabi_dsub
    pwm.o(.text) refers to dmul.o(x$fpl$dmul) for __aeabi_dmul
    pwm.o(.text) refers to ddiv.o(x$fpl$ddiv) for __aeabi_ddiv
    pwm.o(.text) refers to daddsub_clz.o(x$fpl$dadd) for __aeabi_dadd
    pwm.o(.text) refers to dfix.o(x$fpl$dfix) for __aeabi_d2iz
    pwm.o(.text) refers to noretval__2printf.o(.text) for __2printf
    system_stm32f4xx.o(.text) refers to system_stm32f4xx.o(.data) for SystemCoreClock
    led.o(.text) refers to stm32f4xx_rcc.o(.text) for RCC_AHB1PeriphClockCmd
    led.o(.text) refers to stm32f4xx_gpio.o(.text) for GPIO_Init
    delay.o(.text) refers to misc.o(.text) for SysTick_CLKSourceConfig
    delay.o(.text) refers to delay.o(.data) for fac_us
    usart.o(.rev16_text) refers (Special) to use_no_semi_2.o(.text) for __use_no_semihosting
    usart.o(.revsh_text) refers (Special) to use_no_semi_2.o(.text) for __use_no_semihosting
    usart.o(.text) refers (Special) to use_no_semi_2.o(.text) for __use_no_semihosting
    usart.o(.text) refers to _printf_percent.o(.ARM.Collect$$_printf_percent$$00000000) for _printf_percent
    usart.o(.text) refers to _printf_d.o(.ARM.Collect$$_printf_percent$$00000009) for _printf_d
    usart.o(.text) refers to _printf_f.o(.ARM.Collect$$_printf_percent$$00000003) for _printf_f
    usart.o(.text) refers to _printf_dec.o(.text) for _printf_int_dec
    usart.o(.text) refers to printf1.o(x$fpl$printf1) for _printf_fp_dec
    usart.o(.text) refers to stm32f4xx_rcc.o(.text) for RCC_AHB1PeriphClockCmd
    usart.o(.text) refers to stm32f4xx_gpio.o(.text) for GPIO_PinAFConfig
    usart.o(.text) refers to stm32f4xx_usart.o(.text) for USART_Init
    usart.o(.text) refers to misc.o(.text) for NVIC_Init
    usart.o(.text) refers to stm32f4xx_dma.o(.text) for DMA_DeInit
    usart.o(.text) refers to daddsub_clz.o(x$fpl$dadd) for __aeabi_dadd
    usart.o(.text) refers to daddsub_clz.o(x$fpl$dsub) for __aeabi_dsub
    usart.o(.text) refers to usart.o(.bss) for readbuf2
    usart.o(.text) refers to usart.o(.data) for v
    usart.o(.text) refers to noretval__2printf.o(.text) for __2printf
    usart.o(.text) refers to dflt_clz.o(x$fpl$dflt) for __aeabi_i2d
    usart.o(.text) refers to ddiv.o(x$fpl$ddiv) for __aeabi_ddiv
    usart.o(.text) refers to dmul.o(x$fpl$dmul) for __aeabi_dmul
    usart.o(.bss) refers (Special) to use_no_semi_2.o(.text) for __use_no_semihosting
    usart.o(.data) refers (Special) to use_no_semi_2.o(.text) for __use_no_semihosting
    startup_stm32f40_41xxx.o(STACK) refers (Special) to heapauxi.o(.text) for __use_two_region_memory
    startup_stm32f40_41xxx.o(HEAP) refers (Special) to heapauxi.o(.text) for __use_two_region_memory
    startup_stm32f40_41xxx.o(RESET) refers (Special) to heapauxi.o(.text) for __use_two_region_memory
    startup_stm32f40_41xxx.o(RESET) refers to startup_stm32f40_41xxx.o(STACK) for __initial_sp
    startup_stm32f40_41xxx.o(RESET) refers to startup_stm32f40_41xxx.o(.text) for Reset_Handler
    startup_stm32f40_41xxx.o(RESET) refers to stm32f4xx_it.o(.text) for NMI_Handler
    startup_stm32f40_41xxx.o(RESET) refers to usart.o(.text) for DMA1_Stream5_IRQHandler
    startup_stm32f40_41xxx.o(RESET) refers to pwm.o(.text) for TIM2_IRQHandler
    startup_stm32f40_41xxx.o(.text) refers (Special) to heapauxi.o(.text) for __use_two_region_memory
    startup_stm32f40_41xxx.o(.text) refers to system_stm32f4xx.o(.text) for SystemInit
    startup_stm32f40_41xxx.o(.text) refers to __main.o(!!!main) for __main
[...]
    ../clib/printf.c                         0x00000000   Number         0  __printf_flags_ss_wp.o ABSOLUTE
    ../clib/printf.c                         0x00000000   Number         0  __printf_flags.o ABSOLUTE
    ../clib/printf.c                         0x00000000   Number         0  _printf_pad.o ABSOLUTE
    ../clib/printf.c                         0x00000000   Number         0  _printf_dec.o ABSOLUTE
    ../clib/printf_percent.s                 0x00000000   Number         0  _printf_f.o ABSOLUTE
    ../clib/printf_percent.s                 0x00000000   Number         0  _printf_percent.o ABSOLUTE
    ../clib/printf_percent.s                 0x00000000   Number         0  _printf_percent_end.o ABSOLUTE
    ../clib/printf_percent.s                 0x00000000   Number         0  _printf_d.o ABSOLUTE
    ../clib/signal.c                         0x00000000   Number         0  defsig_exit.o ABSOLUTE
    ../clib/signal.c                         0x00000000   Number         0  defsig_rtmem_inner.o ABSOLUTE
    ../clib/signal.c                         0x00000000   Number         0  defsig_general.o ABSOLUTE
    ../clib/signal.c                         0x00000000   Number         0  defsig_rtmem_outer.o ABSOLUTE
    ../clib/signal.c                         0x00000000   Number         0  defsig_abrt_inner.o ABSOLUTE
    ../clib/signal.c                         0x00000000   Number         0  defsig_fpe_inner.o ABSOLUTE
    ../clib/signal.c                         0x00000000   Number         0  defsig_rtred_inner.o ABSOLUTE
    ../clib/signal.c                         0x00000000   Number         0  defsig_stak_inner.o ABSOLUTE
    ../clib/signal.c                         0x00000000   Number         0  defsig_pvfn_inner.o ABSOLUTE
    ../clib/signal.c                         0x00000000   Number         0  defsig_cppl_inner.o ABSOLUTE
    ../clib/signal.c                         0x00000000   Number         0  defsig_segv_inner.o ABSOLUTE
    ../clib/signal.c                         0x00000000   Number         0  defsig_other.o ABSOLUTE
    ../clib/signal.c                         0x00000000   Number         0  defsig_rtmem_formal.o ABSOLUTE
    ../clib/signal.c                         0x00000000   Number         0  __raise.o ABSOLUTE
    ../clib/signal.s                         0x00000000   Number         0  defsig.o ABSOLUTE
    ../clib/stdio.c                          0x00000000   Number         0  ferror.o ABSOLUTE
    ../clib/stdio.c                          0x00000000   Number         0  ferror_locked.o ABSOLUTE
    ../clib/stdlib.c                         0x00000000   Number         0  exit.o ABSOLUTE
    ../fplib/daddsub.s                       0x00000000   Number         0  daddsub_clz.o ABSOLUTE
    ../fplib/ddiv.s                          0x00000000   Number         0  ddiv.o ABSOLUTE
    ../fplib/dfix.s                          0x00000000   Number         0  dfix.o ABSOLUTE
    ../fplib/dflt.s                          0x00000000   Number         0  dflt_clz.o ABSOLUTE
    ../fplib/dmul.s                          0x00000000   Number         0  dmul.o ABSOLUTE
    ../fplib/dnaninf.s                       0x00000000   Number         0  dnaninf.o ABSOLUTE
    ../fplib/dretinf.s                       0x00000000   Number         0  dretinf.o ABSOLUTE
    ../fplib/fpinit.s                        0x00000000   Number         0  fpinit.o ABSOLUTE
    ../fplib/istatus.s                       0x00000000   Number         0  istatus.o ABSOLUTE
    ../fplib/printf1.s                       0x00000000   Number         0  printf1.o ABSOLUTE
    ../fplib/usenofp.s                       0x00000000   Number         0  usenofp.o ABSOLUTE
    ../mathlib/fpclassify.c                  0x00000000   Number         0  fpclassify.o ABSOLUTE
    ..\CORE\startup_stm32f40_41xxx.s         0x00000000   Number         0  startup_stm32f40_41xxx.o ABSOLUTE
    ..\FWLIB\src\misc.c                      0x00000000   Number         0  misc.o ABSOLUTE
    ..\FWLIB\src\stm32f4xx_dma.c             0x00000000   Number         0  stm32f4xx_dma.o ABSOLUTE
    ..\FWLIB\src\stm32f4xx_gpio.c            0x00000000   Number         0  stm32f4xx_gpio.o ABSOLUTE
    ..\FWLIB\src\stm32f4xx_rcc.c             0x00000000   Number         0  stm32f4xx_rcc.o ABSOLUTE
    ..\FWLIB\src\stm32f4xx_syscfg.c          0x00000000   Number         0  stm32f4xx_syscfg.o ABSOLUTE
    ..\FWLIB\src\stm32f4xx_tim.c             0x00000000   Number         0  stm32f4xx_tim.o ABSOLUTE
    ..\FWLIB\src\stm32f4xx_usart.c           0x00000000   Number         0  stm32f4xx_usart.o ABSOLUTE
    ..\HARDWARE\LED\led.c                    0x00000000   Number         0  led.o ABSOLUTE
    ..\HARDWARE\PWM\pwm.c                    0x00000000   Number         0  pwm.o ABSOLUTE
    ..\SYSTEM\delay\delay.c                  0x00000000   Number         0  delay.o ABSOLUTE
    ..\SYSTEM\sys\sys.c                      0x00000000   Number         0  sys.o ABSOLUTE
    ..\SYSTEM\usart\usart.c                  0x00000000   Number         0  usart.o ABSOLUTE
    ..\\FWLIB\\src\\misc.c                   0x00000000   Number         0  misc.o ABSOLUTE
    ..\\FWLIB\\src\\stm32f4xx_dma.c          0x00000000   Number         0  stm32f4xx_dma.o ABSOLUTE
    ..\\FWLIB\\src\\stm32f4xx_gpio.c         0x00000000   Number         0  stm32f4xx_gpio.o ABSOLUTE
    ..\\FWLIB\\src\\stm32f4xx_rcc.c          0x00000000   Number         0  stm32f4xx_rcc.o ABSOLUTE
    ..\\FWLIB\\src\\stm32f4xx_syscfg.c       0x00000000   Number         0  stm32f4xx_syscfg.o ABSOLUTE
    ..\\FWLIB\\src\\stm32f4xx_tim.c          0x00000000   Number         0  stm32f4xx_tim.o ABSOLUTE
    ..\\FWLIB\\src\\stm32f4xx_usart.c        0x00000000   Number         0  stm32f4xx_usart.o ABSOLUTE
    ..\\HARDWARE\\LED\\led.c                 0x00000000   Number         0  led.o ABSOLUTE
    ..\\HARDWARE\\PWM\\pwm.c                 0x00000000   Number         0  pwm.o ABSOLUTE
    ..\\SYSTEM\\delay\\delay.c               0x00000000   Number         0  delay.o ABSOLUTE
    ..\\SYSTEM\\sys\\sys.c                   0x00000000   Number         0  sys.o ABSOLUTE
    ..\\SYSTEM\\usart\\usart.c               0x00000000   Number         0  usart.o ABSOLUTE
    dc.s                                     0x00000000   Number         0  dc.o ABSOLUTE
    main.c                                   0x00000000   Number         0  main.o ABSOLUTE
    main.c                                   0x00000000   Number         0  main.o ABSOLUTE
    stm32f4xx_it.c                           0x00000000   Number         0  stm32f4xx_it.o ABSOLUTE
    stm32f4xx_it.c                           0x00000000   Number         0  stm32f4xx_it.o ABSOLUTE
    system_stm32f4xx.c                       0x00000000   Number         0  system_stm32f4xx.o ABSOLUTE
    system_stm32f4xx.c                       0x00000000   Number         0  system_stm32f4xx.o ABSOLUTE
    RESET                                    0x08000000   Section      392  startup_stm32f40_41xxx.o(RESET)
    !!!main                                  0x08000188   Section        8  __main.o(!!!main)
    !!!scatter                               0x08000190   Section       52  __scatter.o(!!!scatter)
    !!handler_copy                           0x080001c4   Section       26  __scatter_copy.o(!!handler_copy)
    !!handler_zi                             0x080001e0   Section       28  __scatter_zi.o(!!handler_zi)
    .ARM.Collect$$_printf_percent$$00000000  0x080001fc   Section        0  _printf_percent.o(.ARM.Collect$$_printf_percent$$00000000)
    .ARM.Collect$$_printf_percent$$00000003  0x080001fc   Section        6  _printf_f.o(.ARM.Collect$$_printf_percent$$00000003)
    .ARM.Collect$$_printf_percent$$00000009  0x08000202   Section        6  _printf_d.o(.ARM.Collect$$_printf_percent$$00000009)
    .ARM.Collect$$_printf_percent$$00000017  0x08000208   Section        4  _printf_percent_end.o(.ARM.Collect$$_printf_percent$$00000017)
    .ARM.Collect$$libinit$$00000000          0x0800020c   Section        2  libinit.o(.ARM.Collect$$libinit$$00000000)
    .ARM.Collect$$libinit$$00000001          0x0800020e   Section        4  libinit2.o(.ARM.Collect$$libinit$$00000001)
    .ARM.Collect$$libinit$$00000004          0x08000212   Section        0  libinit2.o(.ARM.Collect$$libinit$$00000004)
    .ARM.Collect$$libinit$$0000000A          0x08000212   Section        0  libinit2.o(.ARM.Collect$$libinit$$0000000A)
    .ARM.Collect$$libinit$$0000000C          0x08000212   Section        0  libinit2.o(.ARM.Collect$$libinit$$0000000C)
    .ARM.Collect$$libinit$$0000000E          0x08000212   Section        0  libinit2.o(.ARM.Collect$$libinit$$0000000E)
    .ARM.Collect$$libinit$$0000000F          0x08000212   Section        6  libinit2.o(.ARM.Collect$$libinit$$0000000F)
    .ARM.Collect$$libinit$$00000011          0x08000218   Section        0  libinit2.o(.ARM.Collect$$libinit$$00000011)
    .ARM.Collect$$libinit$$00000013          0x08000218   Section        0  libinit2.o(.ARM.Collect$$libinit$$00000013)
    .ARM.Collect$$libinit$$00000015          0x08000218   Section        0  libinit2.o(.ARM.Collect$$libinit$$00000015)
    .ARM.Collect$$libinit$$00000016          0x08000218   Section       10  libinit2.o(.ARM.Collect$$libinit$$00000016)
    .ARM.Collect$$libinit$$00000017          0x08000222   Section        0  libinit2.o(.ARM.Collect$$libinit$$00000017)
    .ARM.Collect$$libinit$$00000019          0x08000222   Section        0  libinit2.o(.ARM.Collect$$libinit$$00000019)
    .ARM.Collect$$libinit$$0000001B          0x08000222   Section        0  libinit2.o(.ARM.Collect$$libinit$$0000001B)
    .ARM.Collect$$libinit$$0000001D          0x08000222   Section        0  libinit2.o(.ARM.Collect$$libinit$$0000001D)
    .ARM.Collect$$libinit$$0000001F          0x08000222   Section        0  libinit2.o(.ARM.Collect$$libinit$$0000001F)
    .ARM.Collect$$libinit$$00000021          0x08000222   Section        0  libinit2.o(.ARM.Collect$$libinit$$00000021)
    .ARM.Collect$$libinit$$00000023          0x08000222   Section        0  libinit2.o(.ARM.Collect$$libinit$$00000023)
    .ARM.Collect$$libinit$$00000025          0x08000222   Section        0  libinit2.o(.ARM.Collect$$libinit$$00000025)
    .ARM.Collect$$libinit$$0000002C          0x08000222   Section        0  libinit2.o(.ARM.Collect$$libinit$$0000002C)
    .ARM.Collect$$libinit$$0000002E          0x08000222   Section        0  libinit2.o(.ARM.Collect$$libinit$$0000002E)
    .ARM.Collect$$libinit$$00000030          0x08000222   Section        0  libinit2.o(.ARM.Collect$$libinit$$00000030)
    .ARM.Collect$$libinit$$00000032          0x08000222   Section        0  libinit2.o(.ARM.Collect$$libinit$$00000032)
    .ARM.Collect$$libinit$$00000033          0x08000222   Section        2  libinit2.o(.ARM.Collect$$libinit$$00000033)
    .ARM.Collect$$libshutdown$$00000000      0x08000224   Section        2  libshutdown.o(.ARM.Collect$$libshutdown$$00000000)
    .ARM.Collect$$libshutdown$$00000003      0x08000226   Section        0  libshutdown2.o(.ARM.Collect$$libshutdown$$00000003)
    .ARM.Collect$$libshutdown$$00000006      0x08000226   Section        0  libshutdown2.o(.ARM.Collect$$libshutdown$$00000006)
    .ARM.Collect$$libshutdown$$00000009      0x08000226   Section        0  libshutdown2.o(.ARM.Collect$$libshutdown$$00000009)
    .ARM.Collect$$libshutdown$$0000000B      0x08000226   Section        0  libshutdown2.o(.ARM.Collect$$libshutdown$$0000000B)
    .ARM.Collect$$libshutdown$$0000000E      0x08000226   Section        0  libshutdown2.o(.ARM.Collect$$libshutdown$$0000000E)
    .ARM.Collect$$libshutdown$$0000000F      0x08000226   Section        2  libshutdown2.o(.ARM.Collect$$libshutdown$$0000000F)
    .ARM.Collect$$rtentry$$00000000          0x08000228   Section        0  __rtentry.o(.ARM.Collect$$rtentry$$00000000)
    .ARM.Collect$$rtentry$$00000002          0x08000228   Section        0  __rtentry2.o(.ARM.Collect$$rtentry$$00000002)
    .ARM.Collect$$rtentry$$00000004          0x08000228   Section        6  __rtentry4.o(.ARM.Collect$$rtentry$$00000004)
    .ARM.Collect$$rtentry$$00000009          0x0800022e   Section        0  __rtentry2.o(.ARM.Collect$$rtentry$$00000009)
    .ARM.Collect$$rtentry$$0000000A          0x0800022e   Section        4  __rtentry2.o(.ARM.Collect$$rtentry$$0000000A)
    .ARM.Collect$$rtentry$$0000000C          0x08000232   Section        0  __rtentry2.o(.ARM.Collect$$rtentry$$0000000C)
    .ARM.Collect$$rtentry$$0000000D          0x08000232   Section        8  __rtentry2.o(.ARM.Collect$$rtentry$$0000000D)
    .ARM.Collect$$rtexit$$00000000           0x0800023a   Section        2  rtexit.o(.ARM.Collect$$rtexit$$00000000)
    .ARM.Collect$$rtexit$$00000002           0x0800023c   Section        0  rtexit2.o(.ARM.Collect$$rtexit$$00000002)
    .ARM.Collect$$rtexit$$00000003           0x0800023c   Section        4  rtexit2.o(.ARM.Collect$$rtexit$$00000003)
    .ARM.Collect$$rtexit$$00000004           0x08000240   Section        6  rtexit2.o(.ARM.Collect$$rtexit$$00000004)
    .text                                    0x08000248   Section        0  main.o(.text)
    .text                                    0x08000294   Section        0  pwm.o(.text)
    .text                                    0x08000bf4   Section        0  stm32f4xx_it.o(.text)
    .text                                    0x08000c10   Section        0  system_stm32f4xx.o(.text)
    SetSysClock                              0x08000c11   Thumb Code   220  system_stm32f4xx.o(.text)
    .text                                    0x08000e20   Section        0  delay.o(.text)
    .text                                    0x08000f24   Section        0  usart.o(.text)
    .text                                    0x08001750   Section       64  startup_stm32f40_41xxx.o(.text)
    $v0                                      0x08001750   Number         0  startup_stm32f40_41xxx.o(.text)
    .text                                    0x08001790   Section        0  misc.o(.text)
    .text                                    0x08001870   Section        0  stm32f4xx_gpio.o(.text)
    .text                                    0x08001b04   Section        0  stm32f4xx_usart.o(.text)
    .text                                    0x08001f58   Section        0  stm32f4xx_tim.o(.text)
    TI4_Config                               0x080026f7   Thumb Code    80  stm32f4xx_tim.o(.text)
    TI3_Config                               0x08002759   Thumb Code    72  stm32f4xx_tim.o(.text)
    TI2_Config                               0x080027bb   Thumb Code    90  stm32f4xx_tim.o(.text)
    TI1_Config                               0x08002827   Thumb Code    58  stm32f4xx_tim.o(.text)
    .text                                    0x08002bfc   Section        0  stm32f4xx_rcc.o(.text)
    .text                                    0x08003258   Section        0  stm32f4xx_dma.o(.text)
    .text                                    0x08003600   Section        2  use_no_semi_2.o(.text)
    .text                                    0x08003604   Section        0  noretval__2printf.o(.text)
    .text                                    0x0800361c   Section        0  _printf_pad.o(.text)
    .text                                    0x0800366c   Section        0  _printf_dec.o(.text)
    .text                                    0x080036e4   Section        0  __printf_wp.o(.text)
    .text                                    0x080037f2   Section        0  heapauxi.o(.text)
    .text                                    0x080037f8   Section        2  use_no_semi.o(.text)
    .text                                    0x080037fa   Section        0  _printf_intcommon.o(.text)
    .text                                    0x080038ac   Section        0  _printf_fp_dec.o(.text)
    _fp_digits                               0x080038af   Thumb Code   428  _printf_fp_dec.o(.text)
    .text                                    0x08003cc8   Section        0  _printf_char_file.o(.text)
    .text                                    0x08003cec   Section        8  rt_locale_intlibspace.o(.text)
    .text                                    0x08003cf4   Section      138  lludiv10.o(.text)
    .text                                    0x08003d80   Section        0  _printf_char_common.o(.text)
    _printf_input_char                       0x08003d81   Thumb Code    10  _printf_char_common.o(.text)
    .text                                    0x08003db0   Section        0  _printf_fp_infnan.o(.text)
    .text                                    0x08003e30   Section        0  bigflt0.o(.text)
    .text                                    0x08003f0c   Section        0  ferror.o(.text)
    .text                                    0x08003f14   Section        8  libspace.o(.text)
    .text                                    0x08003f1c   Section       74  sys_stackheap_outer.o(.text)
    .text                                    0x08003f66   Section        0  exit.o(.text)
    .text                                    0x08003f74   Section      128  strcmpv7m.o(.text)
    CL$$btod_d2e                             0x08003ff4   Section       62  btod.o(CL$$btod_d2e)
    CL$$btod_d2e_denorm_low                  0x08004032   Section       70  btod.o(CL$$btod_d2e_denorm_low)
    CL$$btod_d2e_norm_op1                    0x08004078   Section       96  btod.o(CL$$btod_d2e_norm_op1)
    CL$$btod_div_common                      0x080040d8   Section      824  btod.o(CL$$btod_div_common)
    CL$$btod_e2e                             0x08004410   Section      198  btod.o(CL$$btod_e2e)
    CL$$btod_ediv                            0x080044d6   Section       40  btod.o(CL$$btod_ediv)
    CL$$btod_emul                            0x080044fe   Section       40  btod.o(CL$$btod_emul)
    CL$$btod_mult_common                     0x08004526   Section      580  btod.o(CL$$btod_mult_common)
    i.__ARM_fpclassify                       0x0800476a   Section        0  fpclassify.o(i.__ARM_fpclassify)
    i._is_digit                              0x0800479a   Section        0  __printf_wp.o(i._is_digit)
    locale$$code                             0x080047a8   Section       44  lc_numeric_c.o(locale$$code)
    x$fpl$dadd                               0x080047d4   Section      336  daddsub_clz.o(x$fpl$dadd)
    $v0                                      0x080047d4   Number         0  daddsub_clz.o(x$fpl$dadd)
    _dadd1                                   0x080047e5   Thumb Code     0  daddsub_clz.o(x$fpl$dadd)
    x$fpl$ddiv                               0x08004924   Section      688  ddiv.o(x$fpl$ddiv)
    $v0                                      0x08004924   Number         0  ddiv.o(x$fpl$ddiv)
    ddiv_entry                               0x0800492b   Thumb Code     0  ddiv.o(x$fpl$ddiv)
    x$fpl$dfix                               0x08004bd4   Section       94  dfix.o(x$fpl$dfix)
    $v0                                      0x08004bd4   Number         0  dfix.o(x$fpl$dfix)
    x$fpl$dflt                               0x08004c32   Section       46  dflt_clz.o(x$fpl$dflt)
    $v0                                      0x08004c32   Number         0  dflt_clz.o(x$fpl$dflt)
    x$fpl$dmul                               0x08004c60   Section      340  dmul.o(x$fpl$dmul)
    $v0                                      0x08004c60   Number         0  dmul.o(x$fpl$dmul)
    x$fpl$dnaninf                            0x08004db4   Section      156  dnaninf.o(x$fpl$dnaninf)
    $v0                                      0x08004db4   Number         0  dnaninf.o(x$fpl$dnaninf)
    x$fpl$dretinf                            0x08004e50   Section       12  dretinf.o(x$fpl$dretinf)
    $v0                                      0x08004e50   Number         0  dretinf.o(x$fpl$dretinf)
    x$fpl$dsub                               0x08004e5c   Section      468  daddsub_clz.o(x$fpl$dsub)
    $v0                                      0x08004e5c   Number         0  daddsub_clz.o(x$fpl$dsub)
    _dsub1                                   0x08004e6d   Thumb Code     0  daddsub_clz.o(x$fpl$dsub)
    x$fpl$fpinit                             0x08005030   Section       10  fpinit.o(x$fpl$fpinit)
    $v0                                      0x08005030   Number         0  fpinit.o(x$fpl$fpinit)
    x$fpl$printf1                            0x0800503a   Section        4  printf1.o(x$fpl$printf1)
    $v0                                      0x0800503a   Number         0  printf1.o(x$fpl$printf1)
    x$fpl$usenofp                            0x0800503e   Section        0  usenofp.o(x$fpl$usenofp)
    .constdata                               0x08005040   Section      148  bigflt0.o(.constdata)
    tenpwrs_x                                0x08005040   Data          60  bigflt0.o(.constdata)
    tenpwrs_i                                0x0800507c   Data          64  bigflt0.o(.constdata)
    locale$$data                             0x080050f4   Section       28  lc_numeric_c.o(locale$$data)
    __lcnum_c_name                           0x080050f8   Data           2  lc_numeric_c.o(locale$$data)
    __lcnum_c_start                          0x08005100   Data           0  lc_numeric_c.o(locale$$data)
    __lcnum_c_point                          0x0800510c   Data           0  lc_numeric_c.o(locale$$data)
    __lcnum_c_thousands                      0x0800510e   Data           0  lc_numeric_c.o(locale$$data)
    __lcnum_c_grouping                       0x0800510f   Data           0  lc_numeric_c.o(locale$$data)
    __lcnum_c_end                            0x08005110   Data           0  lc_numeric_c.o(locale$$data)
    .data                                    0x20000000   Section       64  pwm.o(.data)
    IC1Value1                                0x20000028   Data           4  pwm.o(.data)
    IC1Value2                                0x2000002c   Data           4  pwm.o(.data)
    IC2Value1                                0x20000030   Data           4  pwm.o(.data)
    IC2Value2                                0x20000034   Data           4  pwm.o(.data)
    IC2DiffValue                             0x20000038   Data           4  pwm.o(.data)
    IC1DiffValue                             0x2000003c   Data           4  pwm.o(.data)
    .data                                    0x20000040   Section       20  system_stm32f4xx.o(.data)
    .data                                    0x20000054   Section        4  delay.o(.data)
    fac_us                                   0x20000054   Data           1  delay.o(.data)
    fac_ms                                   0x20000056   Data           2  delay.o(.data)
    .data                                    0x20000058   Section      105  usart.o(.data)
    .data                                    0x200000c1   Section       16  stm32f4xx_rcc.o(.data)
    APBAHBPrescTable                         0x200000c1   Data          16  stm32f4xx_rcc.o(.data)
    .bss                                     0x200000d4   Section      139  usart.o(.bss)
    .bss                                     0x20000160   Section       96  libspace.o(.bss)
    HEAP                                     0x200001c0   Section      512  startup_stm32f40_41xxx.o(HEAP)
    Heap_Mem                                 0x200001c0   Data         512  startup_stm32f40_41xxx.o(HEAP)
    STACK                                    0x200003c0   Section     1024  startup_stm32f40_41xxx.o(STACK)
    Stack_Mem                                0x200003c0   Data        1024  startup_stm32f40_41xxx.o(STACK)
    __initial_sp                             0x200007c0   Data           0  startup_stm32f40_41xxx.o(STACK)

    Global Symbols

    Symbol Name                              Value     Ov Type        Size  Object(Section)

    BuildAttributes$$THM_ISAv4$E$P$D$K$B$S$7EM$VFPi3$EXTD16$VFPS$VFMA$PE$A:L22UL41UL21$X:L11$S22US41US21$IEEE1$IW$USESV6$~STKCKD$USESV7$~SHL$OTIME$ROPI$IEEEJ$EBA8$UX$STANDARDLIB$REQ8$PRES8$EABIv2 0x00000000   Number         0  anon$$obj.o ABSOLUTE
    __ARM_use_no_argv                        0x00000000   Number         0  main.o ABSOLUTE
    _printf_flags                            0x00000000   Number         0  printf_stubs.o ABSOLUTE
    _printf_return_value                     0x00000000   Number         0  printf_stubs.o ABSOLUTE
    _printf_sizespec                         0x00000000   Number         0  printf_stubs.o ABSOLUTE
    _printf_widthprec                        0x00000000   Number         0  printf_stubs.o ABSOLUTE
    __ARM_exceptions_init                     - Undefined Weak Reference
    __alloca_initialize                       - Undefined Weak Reference
    __arm_preinit_                            - Undefined Weak Reference
    __cpp_initialize__aeabi_                  - Undefined Weak Reference
    __cxa_finalize                            - Undefined Weak Reference
    __sigvec_lookup                           - Undefined Weak Reference
    _atexit_init                              - Undefined Weak Reference
    _call_atexit_fns                          - Undefined Weak Reference
    _clock_init                               - Undefined Weak Reference
    _fp_trap_init                             - Undefined Weak Reference
    _fp_trap_shutdown                         - Undefined Weak Reference
    _get_lc_collate                           - Undefined Weak Reference
    _get_lc_ctype                             - Undefined Weak Reference
    _get_lc_monetary                          - Undefined Weak Reference
    _get_lc_time                              - Undefined Weak Reference
    _getenv_init                              - Undefined Weak Reference
    _handle_redirection                       - Undefined Weak Reference
    _init_alloc                               - Undefined Weak Reference
    _init_user_alloc                          - Undefined Weak Reference
    _initio                                   - Undefined Weak Reference
    _mutex_acquire                            - Undefined Weak Reference
    _mutex_release                            - Undefined Weak Reference
    _printf_truncate_signed                   - Undefined Weak Reference
    _printf_truncate_unsigned                 - Undefined Weak Reference
    _rand_init                                - Undefined Weak Reference
    _signal_finish                            - Undefined Weak Reference
    _signal_init                              - Undefined Weak Reference
    _terminate_alloc                          - Undefined Weak Reference
    _terminate_user_alloc                     - Undefined Weak Reference
    _terminateio                              - Undefined Weak Reference
    __Vectors_Size                           0x00000188   Number         0  startup_stm32f40_41xxx.o ABSOLUTE
    __Vectors                                0x08000000   Data           4  startup_stm32f40_41xxx.o(RESET)
    __Vectors_End                            0x08000188   Data           0  startup_stm32f40_41xxx.o(RESET)
    __main                                   0x08000189   Thumb Code     8  __main.o(!!!main)
    __scatterload                            0x08000191   Thumb Code     0  __scatter.o(!!!scatter)
    __scatterload_rt2                        0x08000191   Thumb Code    44  __scatter.o(!!!scatter)
    __scatterload_rt2_thumb_only             0x08000191   Thumb Code     0  __scatter.o(!!!scatter)
    __scatterload_null                       0x0800019f   Thumb Code     0  __scatter.o(!!!scatter)
    __scatterload_copy                       0x080001c5   Thumb Code    26  __scatter_copy.o(!!handler_copy)
    __scatterload_zeroinit                   0x080001e1   Thumb Code    28  __scatter_zi.o(!!handler_zi)
    _printf_f                                0x080001fd   Thumb Code     0  _printf_f.o(.ARM.Collect$$_printf_percent$$00000003)
    _printf_percent                          0x080001fd   Thumb Code     0  _printf_percent.o(.ARM.Collect$$_printf_percent$$00000000)
    _printf_d                                0x08000203   Thumb Code     0  _printf_d.o(.ARM.Collect$$_printf_percent$$00000009)
    _printf_percent_end                      0x08000209   Thumb Code     0  _printf_percent_end.o(.ARM.Collect$$_printf_percent$$00000017)
    __rt_lib_init                            0x0800020d   Thumb Code     0  libinit.o(.ARM.Collect$$libinit$$00000000)
    __rt_lib_init_fp_1                       0x0800020f   Thumb Code     0  libinit2.o(.ARM.Collect$$libinit$$00000001)
    __rt_lib_init_heap_1                     0x08000213   Thumb Code     0  libinit2.o(.ARM.Collect$$libinit$$0000000A)
    __rt_lib_init_lc_common                  0x08000213   Thumb Code     0  libinit2.o(.ARM.Collect$$libinit$$0000000F)
    __rt_lib_init_preinit_1                  0x08000213   Thumb Code     0  libinit2.o(.ARM.Collect$$libinit$$00000004)
    __rt_lib_init_rand_1                     0x08000213   Thumb Code     0  libinit2.o(.ARM.Collect$$libinit$$0000000E)
    __rt_lib_init_user_alloc_1               0x08000213   Thumb Code     0  libinit2.o(.ARM.Collect$$libinit$$0000000C)
    __rt_lib_init_lc_collate_1               0x08000219   Thumb Code     0  libinit2.o(.ARM.Collect$$libinit$$00000011)
    __rt_lib_init_lc_ctype_1                 0x08000219   Thumb Code     0  libinit2.o(.ARM.Collect$$libinit$$00000013)
    __rt_lib_init_lc_monetary_1              0x08000219   Thumb Code     0  libinit2.o(.ARM.Collect$$libinit$$00000015)
    __rt_lib_init_lc_numeric_2               0x08000219   Thumb Code     0  libinit2.o(.ARM.Collect$$libinit$$00000016)
    __rt_lib_init_alloca_1                   0x08000223   Thumb Code     0  libinit2.o(.ARM.Collect$$libinit$$0000002E)
    __rt_lib_init_argv_1                     0x08000223   Thumb Code     0  libinit2.o(.ARM.Collect$$libinit$$0000002C)
    __rt_lib_init_atexit_1                   0x08000223   Thumb Code     0  libinit2.o(.ARM.Collect$$libinit$$0000001B)
    __rt_lib_init_clock_1                    0x08000223   Thumb Code     0  libinit2.o(.ARM.Collect$$libinit$$00000021)
    __rt_lib_init_cpp_1                      0x08000223   Thumb Code     0  libinit2.o(.ARM.Collect$$libinit$$00000032)
    __rt_lib_init_exceptions_1               0x08000223   Thumb Code     0  libinit2.o(.ARM.Collect$$libinit$$00000030)
    __rt_lib_init_fp_trap_1                  0x08000223   Thumb Code     0  libinit2.o(.ARM.Collect$$libinit$$0000001F)
    __rt_lib_init_getenv_1                   0x08000223   Thumb Code     0  libinit2.o(.ARM.Collect$$libinit$$00000023)
    __rt_lib_init_lc_numeric_1               0x08000223   Thumb Code     0  libinit2.o(.ARM.Collect$$libinit$$00000017)
    __rt_lib_init_lc_time_1                  0x08000223   Thumb Code     0  libinit2.o(.ARM.Collect$$libinit$$00000019)
    __rt_lib_init_return                     0x08000223   Thumb Code     0  libinit2.o(.ARM.Collect$$libinit$$00000033)
    __rt_lib_init_signal_1                   0x08000223   Thumb Code     0  libinit2.o(.ARM.Collect$$libinit$$0000001D)
    __rt_lib_init_stdio_1                    0x08000223   Thumb Code     0  libinit2.o(.ARM.Collect$$libinit$$00000025)
    __rt_lib_shutdown                        0x08000225   Thumb Code     0  libshutdown.o(.ARM.Collect$$libshutdown$$00000000)
    __rt_lib_shutdown_fp_trap_1              0x08000227   Thumb Code     0  libshutdown2.o(.ARM.Collect$$libshutdown$$00000006)
    __rt_lib_shutdown_heap_1                 0x08000227   Thumb Code     0  libshutdown2.o(.ARM.Collect$$libshutdown$$0000000E)
    __rt_lib_shutdown_return                 0x08000227   Thumb Code     0  libshutdown2.o(.ARM.Collect$$libshutdown$$0000000F)
    __rt_lib_shutdown_signal_1               0x08000227   Thumb Code     0  libshutdown2.o(.ARM.Collect$$libshutdown$$00000009)
    __rt_lib_shutdown_stdio_1                0x08000227   Thumb Code     0  libshutdown2.o(.ARM.Collect$$libshutdown$$00000003)
    __rt_lib_shutdown_user_alloc_1           0x08000227   Thumb Code     0  libshutdown2.o(.ARM.Collect$$libshutdown$$0000000B)
    __rt_entry                               0x08000229   Thumb Code     0  __rtentry.o(.ARM.Collect$$rtentry$$00000000)
    __rt_entry_presh_1                       0x08000229   Thumb Code     0  __rtentry2.o(.ARM.Collect$$rtentry$$00000002)
    __rt_entry_sh                            0x08000229   Thumb Code     0  __rtentry4.o(.ARM.Collect$$rtentry$$00000004)
    __rt_entry_li                            0x0800022f   Thumb Code     0  __rtentry2.o(.ARM.Collect$$rtentry$$0000000A)
    __rt_entry_postsh_1                      0x0800022f   Thumb Code     0  __rtentry2.o(.ARM.Collect$$rtentry$$00000009)
    __rt_entry_main                          0x08000233   Thumb Code     0  __rtentry2.o(.ARM.Collect$$rtentry$$0000000D)
    __rt_entry_postli_1                      0x08000233   Thumb Code     0  __rtentry2.o(.ARM.Collect$$rtentry$$0000000C)
    __rt_exit                                0x0800023b   Thumb Code     0  rtexit.o(.ARM.Collect$$rtexit$$00000000)
    __rt_exit_ls                             0x0800023d   Thumb Code     0  rtexit2.o(.ARM.Collect$$rtexit$$00000003)
    __rt_exit_prels_1                        0x0800023d   Thumb Code     0  rtexit2.o(.ARM.Collect$$rtexit$$00000002)
    __rt_exit_exit                           0x08000241   Thumb Code     0  rtexit2.o(.ARM.Collect$$rtexit$$00000004)
    main                                     0x08000249   Thumb Code    70  main.o(.text)
    TIM1_PWM_Init                            0x08000295   Thumb Code   244  pwm.o(.text)
    TIM3_Cap_Init                            0x08000389   Thumb Code   224  pwm.o(.text)
    TIM3_IRQHandler                          0x08000469   Thumb Code   668  pwm.o(.text)
    TIM2_PID_Init                            0x08000705   Thumb Code    96  pwm.o(.text)
    TIM2_IRQHandler                          0x08000765   Thumb Code  1094  pwm.o(.text)
    NMI_Handler                              0x08000bf5   Thumb Code     2  stm32f4xx_it.o(.text)
    HardFault_Handler                        0x08000bf7   Thumb Code     4  stm32f4xx_it.o(.text)
    MemManage_Handler                        0x08000bfb   Thumb Code     4  stm32f4xx_it.o(.text)
    BusFault_Handler                         0x08000bff   Thumb Code     4  stm32f4xx_it.o(.text)
    UsageFault_Handler                       0x08000c03   Thumb Code     4  stm32f4xx_it.o(.text)
    SVC_Handler                              0x08000c07   Thumb Code     2  stm32f4xx_it.o(.text)
    DebugMon_Handler                         0x08000c09   Thumb Code     2  stm32f4xx_it.o(.text)
    PendSV_Handler                           0x08000c0b   Thumb Code     2  stm32f4xx_it.o(.text)
    SysTick_Handler                          0x08000c0d   Thumb Code     2  stm32f4xx_it.o(.text)
    SystemInit                               0x08000ced   Thumb Code    88  system_stm32f4xx.o(.text)
    SystemCoreClockUpdate                    0x08000d45   Thumb Code   174  system_stm32f4xx.o(.text)
    delay_init                               0x08000e21   Thumb Code    52  delay.o(.text)
    delay_us                                 0x08000e55   Thumb Code    72  delay.o(.text)
    delay_xms                                0x08000e9d   Thumb Code    72  delay.o(.text)
    delay_ms                                 0x08000ee5   Thumb Code    56  delay.o(.text)
    _sys_exit                                0x08000f25   Thumb Code     4  usart.o(.text)
    fputc                                    0x08000f29   Thumb Code    24  usart.o(.text)
    uart_init                                0x08000f41   Thumb Code   298  usart.o(.text)
    USART1_IRQHandler                        0x0800106b   Thumb Code   302  usart.o(.text)
    uart3_init                               0x08001199   Thumb Code   166  usart.o(.text)
    USART3_IRQHandler                        0x0800123f   Thumb Code   628  usart.o(.text)
    uart2_init                               0x080014b3   Thumb Code   264  usart.o(.text)
    DMA1_Stream5_IRQHandler                  0x080015bb   Thumb Code   244  usart.o(.text)
    USART2_IRQHandler                        0x080016af   Thumb Code    38  usart.o(.text)
    Reset_Handler                            0x08001751   Thumb Code     8  startup_stm32f40_41xxx.o(.text)
    ADC_IRQHandler                           0x0800176b   Thumb Code     0  startup_stm32f40_41xxx.o(.text)
    CAN1_RX0_IRQHandler                      0x0800176b   Thumb Code     0  startup_stm32f40_41xxx.o(.text)
    CAN1_RX1_IRQHandler                      0x0800176b   Thumb Code     0  startup_stm32f40_41xxx.o(.text)
    CAN1_SCE_IRQHandler                      0x0800176b   Thumb Code     0  startup_stm32f40_41xxx.o(.text)
    CAN1_TX_IRQHandler                       0x0800176b   Thumb Code     0  startup_stm32f40_41xxx.o(.text)
    CAN2_RX0_IRQHandler                      0x0800176b   Thumb Code     0  startup_stm32f40_41xxx.o(.text)
    CAN2_RX1_IRQHandler                      0x0800176b   Thumb Code     0  startup_stm32f40_41xxx.o(.text)
    CAN2_SCE_IRQHandler                      0x0800176b   Thumb Code     0  startup_stm32f40_41xxx.o(.text)
    CAN2_TX_IRQHandler                       0x0800176b   Thumb Code     0  startup_stm32f40_41xxx.o(.text)
    CRYP_IRQHandler                          0x0800176b   Thumb Code     0  startup_stm32f40_41xxx.o(.text)
    DCMI_IRQHandler                          0x0800176b   Thumb Code     0  startup_stm32f40_41xxx.o(.text)
    DMA1_Stream0_IRQHandler                  0x0800176b   Thumb Code     0  startup_stm32f40_41xxx.o(.text)
    DMA1_Stream1_IRQHandler                  0x0800176b   Thumb Code     0  startup_stm32f40_41xxx.o(.text)
    DMA1_Stream2_IRQHandler                  0x0800176b   Thumb Code     0  startup_stm32f40_41xxx.o(.text)
    DMA1_Stream3_IRQHandler                  0x0800176b   Thumb Code     0  startup_stm32f40_41xxx.o(.text)
    DMA1_Stream4_IRQHandler                  0x0800176b   Thumb Code     0  startup_stm32f40_41xxx.o(.text)
    DMA1_Stream6_IRQHandler                  0x0800176b   Thumb Code     0  startup_stm32f40_41xxx.o(.text)
    DMA1_Stream7_IRQHandler                  0x0800176b   Thumb Code     0  startup_stm32f40_41xxx.o(.text)
    DMA2_Stream0_IRQHandler                  0x0800176b   Thumb Code     0  startup_stm32f40_41xxx.o(.text)
    DMA2_Stream1_IRQHandler                  0x0800176b   Thumb Code     0  startup_stm32f40_41xxx.o(.text)
    DMA2_Stream2_IRQHandler                  0x0800176b   Thumb Code     0  startup_stm32f40_41xxx.o(.text)
    DMA2_Stream3_IRQHandler                  0x0800176b   Thumb Code     0  startup_stm32f40_41xxx.o(.text)
    DMA2_Stream4_IRQHandler                  0x0800176b   Thumb Code     0  startup_stm32f40_41xxx.o(.text)
    DMA2_Stream5_IRQHandler                  0x0800176b   Thumb Code     0  startup_stm32f40_41xxx.o(.text)
    DMA2_Stream6_IRQHandler                  0x0800176b   Thumb Code     0  startup_stm32f40_41xxx.o(.text)
    DMA2_Stream7_IRQHandler                  0x0800176b   Thumb Code     0  startup_stm32f40_41xxx.o(.text)
    ETH_IRQHandler                           0x0800176b   Thumb Code     0  startup_stm32f40_41xxx.o(.text)
    ETH_WKUP_IRQHandler                      0x0800176b   Thumb Code     0  startup_stm32f40_41xxx.o(.text)
    EXTI0_IRQHandler                         0x0800176b   Thumb Code     0  startup_stm32f40_41xxx.o(.text)
    EXTI15_10_IRQHandler                     0x0800176b   Thumb Code     0  startup_stm32f40_41xxx.o(.text)
    EXTI1_IRQHandler                         0x0800176b   Thumb Code     0  startup_stm32f40_41xxx.o(.text)
    EXTI2_IRQHandler                         0x0800176b   Thumb Code     0  startup_stm32f40_41xxx.o(.text)
    EXTI3_IRQHandler                         0x0800176b   Thumb Code     0  startup_stm32f40_41xxx.o(.text)
    EXTI4_IRQHandler                         0x0800176b   Thumb Code     0  startup_stm32f40_41xxx.o(.text)
    EXTI9_5_IRQHandler                       0x0800176b   Thumb Code     0  startup_stm32f40_41xxx.o(.text)
    FLASH_IRQHandler                         0x0800176b   Thumb Code     0  startup_stm32f40_41xxx.o(.text)
    FPU_IRQHandler                           0x0800176b   Thumb Code     0  startup_stm32f40_41xxx.o(.text)
    FSMC_IRQHandler                          0x0800176b   Thumb Code     0  startup_stm32f40_41xxx.o(.text)
    HASH_RNG_IRQHandler                      0x0800176b   Thumb Code     0  startup_stm32f40_41xxx.o(.text)
    I2C1_ER_IRQHandler                       0x0800176b   Thumb Code     0  startup_stm32f40_41xxx.o(.text)
    I2C1_EV_IRQHandler                       0x0800176b   Thumb Code     0  startup_stm32f40_41xxx.o(.text)
    I2C2_ER_IRQHandler                       0x0800176b   Thumb Code     0  startup_stm32f40_41xxx.o(.text)
    I2C2_EV_IRQHandler                       0x0800176b   Thumb Code     0  startup_stm32f40_41xxx.o(.text)
    I2C3_ER_IRQHandler                       0x0800176b   Thumb Code     0  startup_stm32f40_41xxx.o(.text)
    I2C3_EV_IRQHandler                       0x0800176b   Thumb Code     0  startup_stm32f40_41xxx.o(.text)
    OTG_FS_IRQHandler                        0x0800176b   Thumb Code     0  startup_stm32f40_41xxx.o(.text)
    OTG_FS_WKUP_IRQHandler                   0x0800176b   Thumb Code     0  startup_stm32f40_41xxx.o(.text)
    OTG_HS_EP1_IN_IRQHandler                 0x0800176b   Thumb Code     0  startup_stm32f40_41xxx.o(.text)
    OTG_HS_EP1_OUT_IRQHandler                0x0800176b   Thumb Code     0  startup_stm32f40_41xxx.o(.text)
    OTG_HS_IRQHandler                        0x0800176b   Thumb Code     0  startup_stm32f40_41xxx.o(.text)
    OTG_HS_WKUP_IRQHandler                   0x0800176b   Thumb Code     0  startup_stm32f40_41xxx.o(.text)
    PVD_IRQHandler                           0x0800176b   Thumb Code     0  startup_stm32f40_41xxx.o(.text)
    RCC_IRQHandler                           0x0800176b   Thumb Code     0  startup_stm32f40_41xxx.o(.text)
    RTC_Alarm_IRQHandler                     0x0800176b   Thumb Code     0  startup_stm32f40_41xxx.o(.text)
    RTC_WKUP_IRQHandler                      0x0800176b   Thumb Code     0  startup_stm32f40_41xxx.o(.text)
    SDIO_IRQHandler                          0x0800176b   Thumb Code     0  startup_stm32f40_41xxx.o(.text)
    SPI1_IRQHandler                          0x0800176b   Thumb Code     0  startup_stm32f40_41xxx.o(.text)
    SPI2_IRQHandler                          0x0800176b   Thumb Code     0  startup_stm32f40_41xxx.o(.text)
    SPI3_IRQHandler                          0x0800176b   Thumb Code     0  startup_stm32f40_41xxx.o(.text)
    TAMP_STAMP_IRQHandler                    0x0800176b   Thumb Code     0  startup_stm32f40_41xxx.o(.text)
    TIM1_BRK_TIM9_IRQHandler                 0x0800176b   Thumb Code     0  startup_stm32f40_41xxx.o(.text)
    TIM1_CC_IRQHandler                       0x0800176b   Thumb Code     0  startup_stm32f40_41xxx.o(.text)
    TIM1_TRG_COM_TIM11_IRQHandler            0x0800176b   Thumb Code     0  startup_stm32f40_41xxx.o(.text)
    TIM1_UP_TIM10_IRQHandler                 0x0800176b   Thumb Code     0  startup_stm32f40_41xxx.o(.text)
    TIM4_IRQHandler                          0x0800176b   Thumb Code     0  startup_stm32f40_41xxx.o(.text)
    TIM5_IRQHandler                          0x0800176b   Thumb Code     0  startup_stm32f40_41xxx.o(.text)
    TIM6_DAC_IRQHandler                      0x0800176b   Thumb Code     0  startup_stm32f40_41xxx.o(.text)
    TIM7_IRQHandler                          0x0800176b   Thumb Code     0  startup_stm32f40_41xxx.o(.text)
    TIM8_BRK_TIM12_IRQHandler                0x0800176b   Thumb Code     0  startup_stm32f40_41xxx.o(.text)
    TIM8_CC_IRQHandler                       0x0800176b   Thumb Code     0  startup_stm32f40_41xxx.o(.text)
    TIM8_TRG_COM_TIM14_IRQHandler            0x0800176b   Thumb Code     0  startup_stm32f40_41xxx.o(.text)
    TIM8_UP_TIM13_IRQHandler                 0x0800176b   Thumb Code     0  startup_stm32f40_41xxx.o(.text)
    UART4_IRQHandler                         0x0800176b   Thumb Code     0  startup_stm32f40_41xxx.o(.text)
    UART5_IRQHandler                         0x0800176b   Thumb Code     0  startup_stm32f40_41xxx.o(.text)
    USART6_IRQHandler                        0x0800176b   Thumb Code     0  startup_stm32f40_41xxx.o(.text)
    WWDG_IRQHandler                          0x0800176b   Thumb Code     0  startup_stm32f40_41xxx.o(.text)
    __user_initial_stackheap                 0x0800176d   Thumb Code     0  startup_stm32f40_41xxx.o(.text)
    NVIC_PriorityGroupConfig                 0x08001791   Thumb Code    10  misc.o(.text)
    NVIC_Init                                0x0800179b   Thumb Code   106  misc.o(.text)
    NVIC_SetVectorTable                      0x08001805   Thumb Code    14  misc.o(.text)
    NVIC_SystemLPConfig                      0x08001813   Thumb Code    34  misc.o(.text)
    SysTick_CLKSourceConfig                  0x08001835   Thumb Code    40  misc.o(.text)
    GPIO_DeInit                              0x08001871   Thumb Code   268  stm32f4xx_gpio.o(.text)
    GPIO_Init                                0x0800197d   Thumb Code   144  stm32f4xx_gpio.o(.text)
    GPIO_StructInit                          0x08001a0d   Thumb Code    18  stm32f4xx_gpio.o(.text)
    GPIO_PinLockConfig                       0x08001a1f   Thumb Code    34  stm32f4xx_gpio.o(.text)
    GPIO_ReadInputDataBit                    0x08001a41   Thumb Code    18  stm32f4xx_gpio.o(.text)
    GPIO_ReadInputData                       0x08001a53   Thumb Code     8  stm32f4xx_gpio.o(.text)
    GPIO_ReadOutputDataBit                   0x08001a5b   Thumb Code    18  stm32f4xx_gpio.o(.text)
    GPIO_ReadOutputData                      0x08001a6d   Thumb Code     8  stm32f4xx_gpio.o(.text)
    GPIO_SetBits                             0x08001a75   Thumb Code     4  stm32f4xx_gpio.o(.text)
    GPIO_ResetBits                           0x08001a79   Thumb Code     4  stm32f4xx_gpio.o(.text)
    GPIO_WriteBit                            0x08001a7d   Thumb Code    10  stm32f4xx_gpio.o(.text)
    GPIO_Write                               0x08001a87   Thumb Code     4  stm32f4xx_gpio.o(.text)
    GPIO_ToggleBits                          0x08001a8b   Thumb Code     8  stm32f4xx_gpio.o(.text)
    GPIO_PinAFConfig                         0x08001a93   Thumb Code    70  stm32f4xx_gpio.o(.text)
    USART_DeInit                             0x08001b05   Thumb Code   206  stm32f4xx_usart.o(.text)
    USART_Init                               0x08001bd3   Thumb Code   204  stm32f4xx_usart.o(.text)
    USART_StructInit                         0x08001c9f   Thumb Code    24  stm32f4xx_usart.o(.text)
    USART_ClockInit                          0x08001cb7   Thumb Code    32  stm32f4xx_usart.o(.text)
    USART_ClockStructInit                    0x08001cd7   Thumb Code    12  stm32f4xx_usart.o(.text)
    USART_Cmd                                0x08001ce3   Thumb Code    24  stm32f4xx_usart.o(.text)
    USART_SetPrescaler                       0x08001cfb   Thumb Code    16  stm32f4xx_usart.o(.text)
    USART_OverSampling8Cmd                   0x08001d0b   Thumb Code    22  stm32f4xx_usart.o(.text)
    USART_OneBitMethodCmd                    0x08001d21   Thumb Code    24  stm32f4xx_usart.o(.text)
    USART_SendData                           0x08001d39   Thumb Code     8  stm32f4xx_usart.o(.text)
    USART_ReceiveData                        0x08001d41   Thumb Code    10  stm32f4xx_usart.o(.text)
    USART_SetAddress                         0x08001d4b   Thumb Code    18  stm32f4xx_usart.o(.text)
    USART_ReceiverWakeUpCmd                  0x08001d5d   Thumb Code    24  stm32f4xx_usart.o(.text)
    USART_WakeUpConfig                       0x08001d75   Thumb Code    18  stm32f4xx_usart.o(.text)
    USART_LINBreakDetectLengthConfig         0x08001d87   Thumb Code    18  stm32f4xx_usart.o(.text)
    USART_LINCmd                             0x08001d99   Thumb Code    24  stm32f4xx_usart.o(.text)
    USART_SendBreak                          0x08001db1   Thumb Code    10  stm32f4xx_usart.o(.text)
    USART_HalfDuplexCmd                      0x08001dbb   Thumb Code    24  stm32f4xx_usart.o(.text)
    USART_SetGuardTime                       0x08001dd3   Thumb Code    16  stm32f4xx_usart.o(.text)
    USART_SmartCardCmd                       0x08001de3   Thumb Code    24  stm32f4xx_usart.o(.text)
    USART_SmartCardNACKCmd                   0x08001dfb   Thumb Code    24  stm32f4xx_usart.o(.text)
    USART_IrDAConfig                         0x08001e13   Thumb Code    18  stm32f4xx_usart.o(.text)
    USART_IrDACmd                            0x08001e25   Thumb Code    24  stm32f4xx_usart.o(.text)
    USART_DMACmd                             0x08001e3d   Thumb Code    18  stm32f4xx_usart.o(.text)
    USART_ITConfig                           0x08001e4f   Thumb Code    74  stm32f4xx_usart.o(.text)
    USART_GetFlagStatus                      0x08001e99   Thumb Code    26  stm32f4xx_usart.o(.text)
    USART_ClearFlag                          0x08001eb3   Thumb Code    18  stm32f4xx_usart.o(.text)
    USART_GetITStatus                        0x08001ec5   Thumb Code   118  stm32f4xx_usart.o(.text)
    USART_ClearITPendingBit                  0x08001f3b   Thumb Code    30  stm32f4xx_usart.o(.text)
    TIM_DeInit                               0x08001f59   Thumb Code   346  stm32f4xx_tim.o(.text)
    TIM_TimeBaseInit                         0x080020b3   Thumb Code   104  stm32f4xx_tim.o(.text)
    TIM_TimeBaseStructInit                   0x0800211b   Thumb Code    18  stm32f4xx_tim.o(.text)
    TIM_PrescalerConfig                      0x0800212d   Thumb Code     6  stm32f4xx_tim.o(.text)
    TIM_CounterModeConfig                    0x08002133   Thumb Code    18  stm32f4xx_tim.o(.text)
    TIM_SetCounter                           0x08002145   Thumb Code     4  stm32f4xx_tim.o(.text)
    TIM_SetAutoreload                        0x08002149   Thumb Code     4  stm32f4xx_tim.o(.text)
    TIM_GetCounter                           0x0800214d   Thumb Code     6  stm32f4xx_tim.o(.text)
    TIM_GetPrescaler                         0x08002153   Thumb Code     6  stm32f4xx_tim.o(.text)
    TIM_UpdateDisableConfig                  0x08002159   Thumb Code    24  stm32f4xx_tim.o(.text)
    TIM_UpdateRequestConfig                  0x08002171   Thumb Code    24  stm32f4xx_tim.o(.text)
    TIM_ARRPreloadConfig                     0x08002189   Thumb Code    24  stm32f4xx_tim.o(.text)
    TIM_SelectOnePulseMode                   0x080021a1   Thumb Code    18  stm32f4xx_tim.o(.text)
    TIM_SetClockDivision                     0x080021b3   Thumb Code    18  stm32f4xx_tim.o(.text)
    TIM_Cmd                                  0x080021c5   Thumb Code    24  stm32f4xx_tim.o(.text)
    TIM_OC1Init                              0x080021dd   Thumb Code   114  stm32f4xx_tim.o(.text)
    TIM_OC2Init                              0x0800224f   Thumb Code   154  stm32f4xx_tim.o(.text)
    TIM_OC3Init                              0x080022e9   Thumb Code   204  stm32f4xx_tim.o(.text)
    TIM_OC4Init                              0x080023b5   Thumb Code   112  stm32f4xx_tim.o(.text)
    TIM_OCStructInit                         0x08002425   Thumb Code    20  stm32f4xx_tim.o(.text)
    TIM_SelectOCxM                           0x08002439   Thumb Code    86  stm32f4xx_tim.o(.text)
    TIM_SetCompare1                          0x0800248f   Thumb Code     4  stm32f4xx_tim.o(.text)
    TIM_SetCompare2                          0x08002493   Thumb Code     4  stm32f4xx_tim.o(.text)
    TIM_SetCompare3                          0x08002497   Thumb Code     4  stm32f4xx_tim.o(.text)
    TIM_SetCompare4                          0x0800249b   Thumb Code     4  stm32f4xx_tim.o(.text)
    TIM_ForcedOC1Config                      0x0800249f   Thumb Code    18  stm32f4xx_tim.o(.text)
    TIM_ForcedOC2Config                      0x080024b1   Thumb Code    26  stm32f4xx_tim.o(.text)
    TIM_ForcedOC3Config                      0x080024cb   Thumb Code    18  stm32f4xx_tim.o(.text)
    TIM_ForcedOC4Config                      0x080024dd   Thumb Code    26  stm32f4xx_tim.o(.text)
    TIM_OC1PreloadConfig                     0x080024f7   Thumb Code    18  stm32f4xx_tim.o(.text)
    TIM_OC2PreloadConfig                     0x08002509   Thumb Code    26  stm32f4xx_tim.o(.text)
    TIM_OC3PreloadConfig                     0x08002523   Thumb Code    18  stm32f4xx_tim.o(.text)
    TIM_OC4PreloadConfig                     0x08002535   Thumb Code    26  stm32f4xx_tim.o(.text)
    TIM_OC1FastConfig                        0x0800254f   Thumb Code    18  stm32f4xx_tim.o(.text)
    TIM_OC2FastConfig                        0x08002561   Thumb Code    26  stm32f4xx_tim.o(.text)
    TIM_OC3FastConfig                        0x0800257b   Thumb Code    18  stm32f4xx_tim.o(.text)
    TIM_OC4FastConfig                        0x0800258d   Thumb Code    26  stm32f4xx_tim.o(.text)
    TIM_ClearOC1Ref                          0x080025a7   Thumb Code    18  stm32f4xx_tim.o(.text)
    TIM_ClearOC2Ref                          0x080025b9   Thumb Code    24  stm32f4xx_tim.o(.text)
    TIM_ClearOC3Ref                          0x080025d1   Thumb Code    18  stm32f4xx_tim.o(.text)
    TIM_ClearOC4Ref                          0x080025e3   Thumb Code    24  stm32f4xx_tim.o(.text)
    TIM_OC1PolarityConfig                    0x080025fb   Thumb Code    18  stm32f4xx_tim.o(.text)
    TIM_OC1NPolarityConfig                   0x0800260d   Thumb Code    18  stm32f4xx_tim.o(.text)
    TIM_OC2PolarityConfig                    0x0800261f   Thumb Code    26  stm32f4xx_tim.o(.text)
    TIM_OC2NPolarityConfig                   0x08002639   Thumb Code    26  stm32f4xx_tim.o(.text)
    TIM_OC3PolarityConfig                    0x08002653   Thumb Code    26  stm32f4xx_tim.o(.text)
    TIM_OC3NPolarityConfig                   0x0800266d   Thumb Code    26  stm32f4xx_tim.o(.text)
    TIM_OC4PolarityConfig                    0x08002687   Thumb Code    26  stm32f4xx_tim.o(.text)
    TIM_CCxCmd                               0x080026a1   Thumb Code    30  stm32f4xx_tim.o(.text)
    TIM_CCxNCmd                              0x080026bf   Thumb Code    30  stm32f4xx_tim.o(.text)
    TIM_SetIC4Prescaler                      0x080026dd   Thumb Code    26  stm32f4xx_tim.o(.text)
    TIM_SetIC3Prescaler                      0x08002747   Thumb Code    18  stm32f4xx_tim.o(.text)
    TIM_SetIC2Prescaler                      0x080027a1   Thumb Code    26  stm32f4xx_tim.o(.text)
    TIM_SetIC1Prescaler                      0x08002815   Thumb Code    18  stm32f4xx_tim.o(.text)
    TIM_ICInit                               0x08002861   Thumb Code   110  stm32f4xx_tim.o(.text)
    TIM_ICStructInit                         0x080028cf   Thumb Code    18  stm32f4xx_tim.o(.text)
    TIM_PWMIConfig                           0x080028e1   Thumb Code   124  stm32f4xx_tim.o(.text)
    TIM_GetCapture1                          0x0800295d   Thumb Code     6  stm32f4xx_tim.o(.text)
    TIM_GetCapture2                          0x08002963   Thumb Code     6  stm32f4xx_tim.o(.text)
    TIM_GetCapture3                          0x08002969   Thumb Code     6  stm32f4xx_tim.o(.text)
    TIM_GetCapture4                          0x0800296f   Thumb Code     6  stm32f4xx_tim.o(.text)
    TIM_BDTRConfig                           0x08002975   Thumb Code    32  stm32f4xx_tim.o(.text)
    TIM_BDTRStructInit                       0x08002995   Thumb Code    18  stm32f4xx_tim.o(.text)
    TIM_CtrlPWMOutputs                       0x080029a7   Thumb Code    30  stm32f4xx_tim.o(.text)
    TIM_SelectCOM                            0x080029c5   Thumb Code    24  stm32f4xx_tim.o(.text)
    TIM_CCPreloadControl                     0x080029dd   Thumb Code    24  stm32f4xx_tim.o(.text)
    TIM_ITConfig                             0x080029f5   Thumb Code    18  stm32f4xx_tim.o(.text)
    TIM_GenerateEvent                        0x08002a07   Thumb Code     4  stm32f4xx_tim.o(.text)
    TIM_GetFlagStatus                        0x08002a0b   Thumb Code    18  stm32f4xx_tim.o(.text)
    TIM_ClearFlag                            0x08002a1d   Thumb Code     6  stm32f4xx_tim.o(.text)
    TIM_GetITStatus                          0x08002a23   Thumb Code    34  stm32f4xx_tim.o(.text)
    TIM_ClearITPendingBit                    0x08002a45   Thumb Code     6  stm32f4xx_tim.o(.text)
    TIM_DMAConfig                            0x08002a4b   Thumb Code    10  stm32f4xx_tim.o(.text)
    TIM_DMACmd                               0x08002a55   Thumb Code    18  stm32f4xx_tim.o(.text)
    TIM_SelectCCDMA                          0x08002a67   Thumb Code    24  stm32f4xx_tim.o(.text)
    TIM_InternalClockConfig                  0x08002a7f   Thumb Code    12  stm32f4xx_tim.o(.text)
    TIM_SelectInputTrigger                   0x08002a8b   Thumb Code    18  stm32f4xx_tim.o(.text)
    TIM_ITRxExternalClockConfig              0x08002a9d   Thumb Code    24  stm32f4xx_tim.o(.text)
    TIM_TIxExternalClockConfig               0x08002ab5   Thumb Code    62  stm32f4xx_tim.o(.text)
    TIM_ETRConfig                            0x08002af3   Thumb Code    28  stm32f4xx_tim.o(.text)
    TIM_ETRClockMode1Config                  0x08002b0f   Thumb Code    54  stm32f4xx_tim.o(.text)
    TIM_ETRClockMode2Config                  0x08002b45   Thumb Code    32  stm32f4xx_tim.o(.text)
    TIM_SelectOutputTrigger                  0x08002b65   Thumb Code    18  stm32f4xx_tim.o(.text)
    TIM_SelectSlaveMode                      0x08002b77   Thumb Code    18  stm32f4xx_tim.o(.text)
    TIM_SelectMasterSlaveMode                0x08002b89   Thumb Code    18  stm32f4xx_tim.o(.text)
    TIM_EncoderInterfaceConfig               0x08002b9b   Thumb Code    66  stm32f4xx_tim.o(.text)
    TIM_SelectHallSensor                     0x08002bdd   Thumb Code    24  stm32f4xx_tim.o(.text)
    TIM_RemapConfig                          0x08002bf5   Thumb Code     6  stm32f4xx_tim.o(.text)
    RCC_DeInit                               0x08002bfd   Thumb Code    82  stm32f4xx_rcc.o(.text)
    RCC_HSEConfig                            0x08002c4f   Thumb Code    14  stm32f4xx_rcc.o(.text)
    RCC_GetFlagStatus                        0x08002c5d   Thumb Code    60  stm32f4xx_rcc.o(.text)
    RCC_WaitForHSEStartUp                    0x08002c99   Thumb Code    56  stm32f4xx_rcc.o(.text)
    RCC_AdjustHSICalibrationValue            0x08002cd1   Thumb Code    20  stm32f4xx_rcc.o(.text)
    RCC_HSICmd                               0x08002ce5   Thumb Code     6  stm32f4xx_rcc.o(.text)
    RCC_LSEConfig                            0x08002ceb   Thumb Code    46  stm32f4xx_rcc.o(.text)
    RCC_LSICmd                               0x08002d19   Thumb Code     6  stm32f4xx_rcc.o(.text)
    RCC_PLLConfig                            0x08002d1f   Thumb Code    32  stm32f4xx_rcc.o(.text)
    RCC_PLLCmd                               0x08002d3f   Thumb Code     6  stm32f4xx_rcc.o(.text)
    RCC_PLLI2SConfig                         0x08002d45   Thumb Code    14  stm32f4xx_rcc.o(.text)
    RCC_PLLI2SCmd                            0x08002d53   Thumb Code     6  stm32f4xx_rcc.o(.text)
    RCC_PLLSAIConfig                         0x08002d59   Thumb Code    20  stm32f4xx_rcc.o(.text)
    RCC_PLLSAICmd                            0x08002d6d   Thumb Code     6  stm32f4xx_rcc.o(.text)
    RCC_ClockSecuritySystemCmd               0x08002d73   Thumb Code     6  stm32f4xx_rcc.o(.text)
    RCC_MCO1Config                           0x08002d79   Thumb Code    28  stm32f4xx_rcc.o(.text)
    RCC_MCO2Config                           0x08002d95   Thumb Code    28  stm32f4xx_rcc.o(.text)
    RCC_SYSCLKConfig                         0x08002db1   Thumb Code    20  stm32f4xx_rcc.o(.text)
    RCC_GetSYSCLKSource                      0x08002dc5   Thumb Code    12  stm32f4xx_rcc.o(.text)
    RCC_HCLKConfig                           0x08002dd1   Thumb Code    20  stm32f4xx_rcc.o(.text)
    RCC_PCLK1Config                          0x08002de5   Thumb Code    20  stm32f4xx_rcc.o(.text)
    RCC_PCLK2Config                          0x08002df9   Thumb Code    22  stm32f4xx_rcc.o(.text)
    RCC_GetClocksFreq                        0x08002e0f   Thumb Code   222  stm32f4xx_rcc.o(.text)
    RCC_RTCCLKConfig                         0x08002eed   Thumb Code    54  stm32f4xx_rcc.o(.text)
    RCC_RTCCLKCmd                            0x08002f23   Thumb Code     8  stm32f4xx_rcc.o(.text)
    RCC_BackupResetCmd                       0x08002f2b   Thumb Code     8  stm32f4xx_rcc.o(.text)
    RCC_I2SCLKConfig                         0x08002f33   Thumb Code     6  stm32f4xx_rcc.o(.text)
    RCC_SAIPLLI2SClkDivConfig                0x08002f39   Thumb Code    26  stm32f4xx_rcc.o(.text)
    RCC_SAIPLLSAIClkDivConfig                0x08002f53   Thumb Code    28  stm32f4xx_rcc.o(.text)
    RCC_SAIBlockACLKConfig                   0x08002f6f   Thumb Code    20  stm32f4xx_rcc.o(.text)
    RCC_SAIBlockBCLKConfig                   0x08002f83   Thumb Code    20  stm32f4xx_rcc.o(.text)
    RCC_LTDCCLKDivConfig                     0x08002f97   Thumb Code    20  stm32f4xx_rcc.o(.text)
    RCC_TIMCLKPresConfig                     0x08002fab   Thumb Code     6  stm32f4xx_rcc.o(.text)
    RCC_AHB1PeriphClockCmd                   0x08002fb1   Thumb Code    34  stm32f4xx_rcc.o(.text)
    RCC_AHB2PeriphClockCmd                   0x08002fd3   Thumb Code    78  stm32f4xx_rcc.o(.text)
    RCC_AHB3PeriphClockCmd                   0x08003021   Thumb Code    34  stm32f4xx_rcc.o(.text)
    RCC_APB1PeriphClockCmd                   0x08003043   Thumb Code    34  stm32f4xx_rcc.o(.text)
    RCC_APB2PeriphClockCmd                   0x08003065   Thumb Code    34  stm32f4xx_rcc.o(.text)
    RCC_AHB1PeriphResetCmd                   0x08003087   Thumb Code    34  stm32f4xx_rcc.o(.text)
    RCC_AHB2PeriphResetCmd                   0x080030a9   Thumb Code    34  stm32f4xx_rcc.o(.text)
    RCC_AHB3PeriphResetCmd                   0x080030cb   Thumb Code    34  stm32f4xx_rcc.o(.text)
    RCC_APB1PeriphResetCmd                   0x080030ed   Thumb Code    34  stm32f4xx_rcc.o(.text)
    RCC_APB2PeriphResetCmd                   0x0800310f   Thumb Code    34  stm32f4xx_rcc.o(.text)
    RCC_AHB1PeriphClockLPModeCmd             0x08003131   Thumb Code    34  stm32f4xx_rcc.o(.text)
    RCC_AHB2PeriphClockLPModeCmd             0x08003153   Thumb Code    34  stm32f4xx_rcc.o(.text)
    RCC_AHB3PeriphClockLPModeCmd             0x08003175   Thumb Code    34  stm32f4xx_rcc.o(.text)
    RCC_APB1PeriphClockLPModeCmd             0x08003197   Thumb Code    34  stm32f4xx_rcc.o(.text)
    RCC_APB2PeriphClockLPModeCmd             0x080031b9   Thumb Code    34  stm32f4xx_rcc.o(.text)
    RCC_LSEModeConfig                        0x080031db   Thumb Code    40  stm32f4xx_rcc.o(.text)
    RCC_ITConfig                             0x08003203   Thumb Code    34  stm32f4xx_rcc.o(.text)
    RCC_ClearFlag                            0x08003225   Thumb Code    18  stm32f4xx_rcc.o(.text)
    RCC_GetITStatus                          0x08003237   Thumb Code    22  stm32f4xx_rcc.o(.text)
    RCC_ClearITPendingBit                    0x0800324d   Thumb Code     8  stm32f4xx_rcc.o(.text)
    DMA_DeInit                               0x08003259   Thumb Code   324  stm32f4xx_dma.o(.text)
    DMA_Init                                 0x0800339d   Thumb Code    82  stm32f4xx_dma.o(.text)
    DMA_StructInit                           0x080033ef   Thumb Code    34  stm32f4xx_dma.o(.text)
    DMA_Cmd                                  0x08003411   Thumb Code    22  stm32f4xx_dma.o(.text)
    DMA_PeriphIncOffsetSizeConfig            0x08003427   Thumb Code    22  stm32f4xx_dma.o(.text)
    DMA_FlowControllerConfig                 0x0800343d   Thumb Code    22  stm32f4xx_dma.o(.text)
    DMA_SetCurrDataCounter                   0x08003453   Thumb Code     4  stm32f4xx_dma.o(.text)
    DMA_GetCurrDataCounter                   0x08003457   Thumb Code     8  stm32f4xx_dma.o(.text)
    DMA_DoubleBufferModeConfig               0x0800345f   Thumb Code    24  stm32f4xx_dma.o(.text)
    DMA_DoubleBufferModeCmd                  0x08003477   Thumb Code    22  stm32f4xx_dma.o(.text)
    DMA_MemoryTargetConfig                   0x0800348d   Thumb Code    10  stm32f4xx_dma.o(.text)
    DMA_GetCurrentMemoryTarget               0x08003497   Thumb Code    20  stm32f4xx_dma.o(.text)
    DMA_GetCmdStatus                         0x080034ab   Thumb Code    20  stm32f4xx_dma.o(.text)
    DMA_GetFIFOStatus                        0x080034bf   Thumb Code    12  stm32f4xx_dma.o(.text)
    DMA_GetFlagStatus                        0x080034cb   Thumb Code    56  stm32f4xx_dma.o(.text)
    DMA_ClearFlag                            0x08003503   Thumb Code    40  stm32f4xx_dma.o(.text)
    DMA_ITConfig                             0x0800352b   Thumb Code    58  stm32f4xx_dma.o(.text)
    DMA_GetITStatus                          0x08003565   Thumb Code    84  stm32f4xx_dma.o(.text)
    DMA_ClearITPendingBit                    0x080035b9   Thumb Code    40  stm32f4xx_dma.o(.text)
    __use_no_semihosting                     0x08003601   Thumb Code     2  use_no_semi_2.o(.text)
    __2printf                                0x08003605   Thumb Code    20  noretval__2printf.o(.text)
    _printf_pre_padding                      0x0800361d   Thumb Code    44  _printf_pad.o(.text)
    _printf_post_padding                     0x08003649   Thumb Code    34  _printf_pad.o(.text)
    _printf_int_dec                          0x0800366d   Thumb Code   104  _printf_dec.o(.text)
    __printf                                 0x080036e5   Thumb Code   270  __printf_wp.o(.text)
    __use_two_region_memory                  0x080037f3   Thumb Code     2  heapauxi.o(.text)
    __rt_heap_escrow$2region                 0x080037f5   Thumb Code     2  heapauxi.o(.text)
    __rt_heap_expand$2region                 0x080037f7   Thumb Code     2  heapauxi.o(.text)
    __I$use$semihosting                      0x080037f9   Thumb Code     0  use_no_semi.o(.text)
    __use_no_semihosting_swi                 0x080037f9   Thumb Code     2  use_no_semi.o(.text)
    _printf_int_common                       0x080037fb   Thumb Code   178  _printf_intcommon.o(.text)
    __lib_sel_fp_printf                      0x080038ad   Thumb Code     2  _printf_fp_dec.o(.text)
    _printf_fp_dec_real                      0x08003a5b   Thumb Code   620  _printf_fp_dec.o(.text)
    _printf_char_file                        0x08003cc9   Thumb Code    32  _printf_char_file.o(.text)
    __rt_locale                              0x08003ced   Thumb Code     8  rt_locale_intlibspace.o(.text)
    _ll_udiv10                               0x08003cf5   Thumb Code   138  lludiv10.o(.text)
    _printf_char_common                      0x08003d8b   Thumb Code    32  _printf_char_common.o(.text)
    _printf_fp_infnan                        0x08003db1   Thumb Code   112  _printf_fp_infnan.o(.text)
    _btod_etento                             0x08003e31   Thumb Code   216  bigflt0.o(.text)
    ferror                                   0x08003f0d   Thumb Code     8  ferror.o(.text)
    __user_libspace                          0x08003f15   Thumb Code     8  libspace.o(.text)
    __user_perproc_libspace                  0x08003f15   Thumb Code     0  libspace.o(.text)
    __user_perthread_libspace                0x08003f15   Thumb Code     0  libspace.o(.text)
    __user_setup_stackheap                   0x08003f1d   Thumb Code    74  sys_stackheap_outer.o(.text)
    exit                                     0x08003f67   Thumb Code    12  exit.o(.text)
    strcmp                                   0x08003f75   Thumb Code   128  strcmpv7m.o(.text)
    _btod_d2e                                0x08003ff5   Thumb Code    62  btod.o(CL$$btod_d2e)
    _d2e_denorm_low                          0x08004033   Thumb Code    70  btod.o(CL$$btod_d2e_denorm_low)
    _d2e_norm_op1                            0x08004079   Thumb Code    96  btod.o(CL$$btod_d2e_norm_op1)
    __btod_div_common                        0x080040d9   Thumb Code   696  btod.o(CL$$btod_div_common)
    _e2e                                     0x08004411   Thumb Code   198  btod.o(CL$$btod_e2e)
    _btod_ediv                               0x080044d7   Thumb Code    40  btod.o(CL$$btod_ediv)
    _btod_emul                               0x080044ff   Thumb Code    40  btod.o(CL$$btod_emul)
    __btod_mult_common                       0x08004527   Thumb Code   580  btod.o(CL$$btod_mult_common)
    __ARM_fpclassify                         0x0800476b   Thumb Code    48  fpclassify.o(i.__ARM_fpclassify)
    _is_digit                                0x0800479b   Thumb Code    14  __printf_wp.o(i._is_digit)
    _get_lc_numeric                          0x080047a9   Thumb Code    44  lc_numeric_c.o(locale$$code)
    __aeabi_dadd                             0x080047d5   Thumb Code     0  daddsub_clz.o(x$fpl$dadd)
    _dadd                                    0x080047d5   Thumb Code   332  daddsub_clz.o(x$fpl$dadd)
    __aeabi_ddiv                             0x08004925   Thumb Code     0  ddiv.o(x$fpl$ddiv)
    _ddiv                                    0x08004925   Thumb Code   552  ddiv.o(x$fpl$ddiv)
    __aeabi_d2iz                             0x08004bd5   Thumb Code     0  dfix.o(x$fpl$dfix)
    _dfix                                    0x08004bd5   Thumb Code    94  dfix.o(x$fpl$dfix)
    __aeabi_i2d                              0x08004c33   Thumb Code     0  dflt_clz.o(x$fpl$dflt)
    _dflt                                    0x08004c33   Thumb Code    46  dflt_clz.o(x$fpl$dflt)
    __aeabi_dmul                             0x08004c61   Thumb Code     0  dmul.o(x$fpl$dmul)
    _dmul                                    0x08004c61   Thumb Code   332  dmul.o(x$fpl$dmul)
    __fpl_dnaninf                            0x08004db5   Thumb Code   156  dnaninf.o(x$fpl$dnaninf)
    __fpl_dretinf                            0x08004e51   Thumb Code    12  dretinf.o(x$fpl$dretinf)
    __aeabi_dsub                             0x08004e5d   Thumb Code     0  daddsub_clz.o(x$fpl$dsub)
    _dsub                                    0x08004e5d   Thumb Code   464  daddsub_clz.o(x$fpl$dsub)
    _fp_init                                 0x08005031   Thumb Code    10  fpinit.o(x$fpl$fpinit)
    __fplib_config_fpu_vfp                   0x08005039   Thumb Code     0  fpinit.o(x$fpl$fpinit)
    __fplib_config_pureend_doubles           0x08005039   Thumb Code     0  fpinit.o(x$fpl$fpinit)
    _printf_fp_dec                           0x0800503b   Thumb Code     4  printf1.o(x$fpl$printf1)
    __I$use$fp                               0x0800503e   Number         0  usenofp.o(x$fpl$usenofp)
    Region$$Table$$Base                      0x080050d4   Number         0  anon$$obj.o(Region$$Table)
    Region$$Table$$Limit                     0x080050f4   Number         0  anon$$obj.o(Region$$Table)
    index1                                   0x20000000   Data           1  pwm.o(.data)
    index2                                   0x20000001   Data           1  pwm.o(.data)
    IC1Fre                                   0x20000004   Data           4  pwm.o(.data)
    IC2Fre                                   0x20000008   Data           4  pwm.o(.data)
    Odom1                                    0x2000000c   Data           4  pwm.o(.data)
    Odom2                                    0x20000010   Data           4  pwm.o(.data)
    PWM1                                     0x20000014   Data           4  pwm.o(.data)
    PWM2                                     0x20000018   Data           4  pwm.o(.data)
    OldFre1                                  0x2000001c   Data           4  pwm.o(.data)
    OldFre2                                  0x20000020   Data           4  pwm.o(.data)
    cout1                                    0x20000024   Data           1  pwm.o(.data)
    cout2                                    0x20000025   Data           1  pwm.o(.data)
    SystemCoreClock                          0x20000040   Data           4  system_stm32f4xx.o(.data)
    AHBPrescTable                            0x20000044   Data          16  system_stm32f4xx.o(.data)
    __stdout                                 0x20000058   Data           4  usart.o(.data)
    wz                                       0x20000060   Data           8  usart.o(.data)
    v_cout_flag                              0x20000068   Data           1  usart.o(.data)
    a_cout_flag                              0x20000069   Data           1  usart.o(.data)
    right_flag                               0x2000006a   Data           1  usart.o(.data)
    cnt                                      0x2000006b   Data           1  usart.o(.data)
    a_cnt                                    0x2000006c   Data           1  usart.o(.data)
    v_control                                0x2000006d   Data           7  usart.o(.data)
    a_control                                0x20000074   Data           5  usart.o(.data)
    v                                        0x2000007c   Data           4  usart.o(.data)
    real_v                                   0x20000080   Data           4  usart.o(.data)
    a                                        0x20000084   Data           4  usart.o(.data)
    real_a                                   0x20000088   Data           4  usart.o(.data)
    aa                                       0x2000008c   Data           4  usart.o(.data)
    kp                                       0x20000090   Data           8  usart.o(.data)
    ki                                       0x20000098   Data           8  usart.o(.data)
    kp2                                      0x200000a0   Data           8  usart.o(.data)
    ki2                                      0x200000a8   Data           8  usart.o(.data)
    kp_a                                     0x200000b0   Data           8  usart.o(.data)
    ki_a                                     0x200000b8   Data           8  usart.o(.data)
    stop                                     0x200000c0   Data           1  usart.o(.data)
    alldata                                  0x200000d4   Data          51  usart.o(.bss)
    readbuf2                                 0x20000107   Data          44  usart.o(.bss)
    readbuf                                  0x20000133   Data          44  usart.o(.bss)
    __libspace_start                         0x20000160   Data          96  libspace.o(.bss)
    __temporary_stack_top$libspace           0x200001c0   Data           0  libspace.o(.bss)



==============================================================================

Memory Map of the image

  Image Entry point : 0x08000189

  Load Region LR_IROM1 (Base: 0x08000000, Size: 0x000051e4, Max: 0x00100000, ABSOLUTE)

    Execution Region ER_IROM1 (Base: 0x08000000, Size: 0x00005110, Max: 0x00100000, ABSOLUTE)

    Base Addr    Size         Type   Attr      Idx    E Section Name        Object

    0x08000000   0x00000188   Data   RO          343    RESET               startup_stm32f40_41xxx.o
    0x08000188   0x00000008   Code   RO          529  * !!!main             c_w.l(__main.o)
    0x08000190   0x00000034   Code   RO          770    !!!scatter          c_w.l(__scatter.o)
    0x080001c4   0x0000001a   Code   RO          772    !!handler_copy      c_w.l(__scatter_copy.o)
    0x080001de   0x00000002   PAD
    0x080001e0   0x0000001c   Code   RO          774    !!handler_zi        c_w.l(__scatter_zi.o)
    0x080001fc   0x00000000   Code   RO          526    .ARM.Collect$$_printf_percent$$00000000  c_w.l(_printf_percent.o)
    0x080001fc   0x00000006   Code   RO          525    .ARM.Collect$$_printf_percent$$00000003  c_w.l(_printf_f.o)
    0x08000202   0x00000006   Code   RO          524    .ARM.Collect$$_printf_percent$$00000009  c_w.l(_printf_d.o)
    0x08000208   0x00000004   Code   RO          564    .ARM.Collect$$_printf_percent$$00000017  c_w.l(_printf_percent_end.o)
    0x0800020c   0x00000002   Code   RO          648    .ARM.Collect$$libinit$$00000000  c_w.l(libinit.o)
    0x0800020e   0x00000004   Code   RO          649    .ARM.Collect$$libinit$$00000001  c_w.l(libinit2.o)
    0x08000212   0x00000000   Code   RO          652    .ARM.Collect$$libinit$$00000004  c_w.l(libinit2.o)
    0x08000212   0x00000000   Code   RO          655    .ARM.Collect$$libinit$$0000000A  c_w.l(libinit2.o)
    0x08000212   0x00000000   Code   RO          657    .ARM.Collect$$libinit$$0000000C  c_w.l(libinit2.o)
    0x08000212   0x00000000   Code   RO          659    .ARM.Collect$$libinit$$0000000E  c_w.l(libinit2.o)
    0x08000212   0x00000006   Code   RO          660    .ARM.Collect$$libinit$$0000000F  c_w.l(libinit2.o)
    0x08000218   0x00000000   Code   RO          662    .ARM.Collect$$libinit$$00000011  c_w.l(libinit2.o)
    0x08000218   0x00000000   Code   RO          664    .ARM.Collect$$libinit$$00000013  c_w.l(libinit2.o)
    0x08000218   0x00000000   Code   RO          666    .ARM.Collect$$libinit$$00000015  c_w.l(libinit2.o)
    0x08000218   0x0000000a   Code   RO          667    .ARM.Collect$$libinit$$00000016  c_w.l(libinit2.o)
    0x08000222   0x00000000   Code   RO          668    .ARM.Collect$$libinit$$00000017  c_w.l(libinit2.o)
    0x08000222   0x00000000   Code   RO          670    .ARM.Collect$$libinit$$00000019  c_w.l(libinit2.o)
    0x08000222   0x00000000   Code   RO          672    .ARM.Collect$$libinit$$0000001B  c_w.l(libinit2.o)
    0x08000222   0x00000000   Code   RO          674    .ARM.Collect$$libinit$$0000001D  c_w.l(libinit2.o)
    0x08000222   0x00000000   Code   RO          676    .ARM.Collect$$libinit$$0000001F  c_w.l(libinit2.o)
    0x08000222   0x00000000   Code   RO          678    .ARM.Collect$$libinit$$00000021  c_w.l(libinit2.o)
    0x08000222   0x00000000   Code   RO          680    .ARM.Collect$$libinit$$00000023  c_w.l(libinit2.o)
    0x08000222   0x00000000   Code   RO          682    .ARM.Collect$$libinit$$00000025  c_w.l(libinit2.o)
    0x08000222   0x00000000   Code   RO          686    .ARM.Collect$$libinit$$0000002C  c_w.l(libinit2.o)
    0x08000222   0x00000000   Code   RO          688    .ARM.Collect$$libinit$$0000002E  c_w.l(libinit2.o)
    0x08000222   0x00000000   Code   RO          690    .ARM.Collect$$libinit$$00000030  c_w.l(libinit2.o)
    0x08000222   0x00000000   Code   RO          692    .ARM.Collect$$libinit$$00000032  c_w.l(libinit2.o)
    0x08000222   0x00000002   Code   RO          693    .ARM.Collect$$libinit$$00000033  c_w.l(libinit2.o)
    0x08000224   0x00000002   Code   RO          721    .ARM.Collect$$libshutdown$$00000000  c_w.l(libshutdown.o)
    0x08000226   0x00000000   Code   RO          731    .ARM.Collect$$libshutdown$$00000003  c_w.l(libshutdown2.o)
    0x08000226   0x00000000   Code   RO          734    .ARM.Collect$$libshutdown$$00000006  c_w.l(libshutdown2.o)
    0x08000226   0x00000000   Code   RO          737    .ARM.Collect$$libshutdown$$00000009  c_w.l(libshutdown2.o)
    0x08000226   0x00000000   Code   RO          739    .ARM.Collect$$libshutdown$$0000000B  c_w.l(libshutdown2.o)
    0x08000226   0x00000000   Code   RO          742    .ARM.Collect$$libshutdown$$0000000E  c_w.l(libshutdown2.o)
    0x08000226   0x00000002   Code   RO          743    .ARM.Collect$$libshutdown$$0000000F  c_w.l(libshutdown2.o)
    0x08000228   0x00000000   Code   RO          557    .ARM.Collect$$rtentry$$00000000  c_w.l(__rtentry.o)
    0x08000228   0x00000000   Code   RO          571    .ARM.Collect$$rtentry$$00000002  c_w.l(__rtentry2.o)
    0x08000228   0x00000006   Code   RO          583    .ARM.Collect$$rtentry$$00000004  c_w.l(__rtentry4.o)
    0x0800022e   0x00000000   Code   RO          573    .ARM.Collect$$rtentry$$00000009  c_w.l(__rtentry2.o)
    0x0800022e   0x00000004   Code   RO          574    .ARM.Collect$$rtentry$$0000000A  c_w.l(__rtentry2.o)
    0x08000232   0x00000000   Code   RO          576    .ARM.Collect$$rtentry$$0000000C  c_w.l(__rtentry2.o)
    0x08000232   0x00000008   Code   RO          577    .ARM.Collect$$rtentry$$0000000D  c_w.l(__rtentry2.o)
    0x0800023a   0x00000002   Code   RO          694    .ARM.Collect$$rtexit$$00000000  c_w.l(rtexit.o)
    0x0800023c   0x00000000   Code   RO          701    .ARM.Collect$$rtexit$$00000002  c_w.l(rtexit2.o)
    0x0800023c   0x00000004   Code   RO          702    .ARM.Collect$$rtexit$$00000003  c_w.l(rtexit2.o)
    0x08000240   0x00000006   Code   RO          703    .ARM.Collect$$rtexit$$00000004  c_w.l(rtexit2.o)
    0x08000246   0x00000002   PAD
    0x08000248   0x0000004c   Code   RO            3    .text               main.o
    0x08000294   0x00000960   Code   RO          151    .text               pwm.o
    0x08000bf4   0x0000001a   Code   RO          177    .text               stm32f4xx_it.o
    0x08000c0e   0x00000002   PAD
    0x08000c10   0x00000210   Code   RO          226    .text               system_stm32f4xx.o
    0x08000e20   0x00000104   Code   RO          272    .text               delay.o
    0x08000f24   0x0000082c   Code   RO          312    .text               usart.o
    0x08001750   0x00000040   Code   RO          344    .text               startup_stm32f40_41xxx.o
    0x08001790   0x000000e0   Code   RO          350    .text               misc.o
    0x08001870   0x00000294   Code   RO          370    .text               stm32f4xx_gpio.o
    0x08001b04   0x00000454   Code   RO          390    .text               stm32f4xx_usart.o
    0x08001f58   0x00000ca2   Code   RO          410    .text               stm32f4xx_tim.o
    0x08002bfa   0x00000002   PAD
    0x08002bfc   0x0000065c   Code   RO          450    .text               stm32f4xx_rcc.o
    0x08003258   0x000003a8   Code   RO          472    .text               stm32f4xx_dma.o
    0x08003600   0x00000002   Code   RO          492    .text               c_w.l(use_no_semi_2.o)
    0x08003602   0x00000002   PAD
    0x08003604   0x00000018   Code   RO          496    .text               c_w.l(noretval__2printf.o)
    0x0800361c   0x0000004e   Code   RO          500    .text               c_w.l(_printf_pad.o)
    0x0800366a   0x00000002   PAD
    0x0800366c   0x00000078   Code   RO          502    .text               c_w.l(_printf_dec.o)
    0x080036e4   0x0000010e   Code   RO          512    .text               c_w.l(__printf_wp.o)
    0x080037f2   0x00000006   Code   RO          527    .text               c_w.l(heapauxi.o)
    0x080037f8   0x00000002   Code   RO          555    .text               c_w.l(use_no_semi.o)
    0x080037fa   0x000000b2   Code   RO          558    .text               c_w.l(_printf_intcommon.o)
    0x080038ac   0x0000041a   Code   RO          560    .text               c_w.l(_printf_fp_dec.o)
    0x08003cc6   0x00000002   PAD
    0x08003cc8   0x00000024   Code   RO          562    .text               c_w.l(_printf_char_file.o)
    0x08003cec   0x00000008   Code   RO          588    .text               c_w.l(rt_locale_intlibspace.o)
    0x08003cf4   0x0000008a   Code   RO          590    .text               c_w.l(lludiv10.o)
    0x08003d7e   0x00000002   PAD
    0x08003d80   0x00000030   Code   RO          592    .text               c_w.l(_printf_char_common.o)
    0x08003db0   0x00000080   Code   RO          594    .text               c_w.l(_printf_fp_infnan.o)
    0x08003e30   0x000000dc   Code   RO          596    .text               c_w.l(bigflt0.o)
    0x08003f0c   0x00000008   Code   RO          621    .text               c_w.l(ferror.o)
    0x08003f14   0x00000008   Code   RO          632    .text               c_w.l(libspace.o)
    0x08003f1c   0x0000004a   Code   RO          635    .text               c_w.l(sys_stackheap_outer.o)
    0x08003f66   0x0000000c   Code   RO          639    .text               c_w.l(exit.o)
    0x08003f72   0x00000002   PAD
    0x08003f74   0x00000080   Code   RO          641    .text               c_w.l(strcmpv7m.o)
    0x08003ff4   0x0000003e   Code   RO          599    CL$$btod_d2e        c_w.l(btod.o)
    0x08004032   0x00000046   Code   RO          601    CL$$btod_d2e_denorm_low  c_w.l(btod.o)
    0x08004078   0x00000060   Code   RO          600    CL$$btod_d2e_norm_op1  c_w.l(btod.o)
    0x080040d8   0x00000338   Code   RO          609    CL$$btod_div_common  c_w.l(btod.o)
    0x08004410   0x000000c6   Code   RO          606    CL$$btod_e2e        c_w.l(btod.o)
    0x080044d6   0x00000028   Code   RO          603    CL$$btod_ediv       c_w.l(btod.o)
    0x080044fe   0x00000028   Code   RO          602    CL$$btod_emul       c_w.l(btod.o)
    0x08004526   0x00000244   Code   RO          608    CL$$btod_mult_common  c_w.l(btod.o)
    0x0800476a   0x00000030   Code   RO          630    i.__ARM_fpclassify  m_wm.l(fpclassify.o)
    0x0800479a   0x0000000e   Code   RO          514    i._is_digit         c_w.l(__printf_wp.o)
    0x080047a8   0x0000002c   Code   RO          626    locale$$code        c_w.l(lc_numeric_c.o)
    0x080047d4   0x00000150   Code   RO          531    x$fpl$dadd          fz_wm.l(daddsub_clz.o)
    0x08004924   0x000002b0   Code   RO          538    x$fpl$ddiv          fz_wm.l(ddiv.o)
    0x08004bd4   0x0000005e   Code   RO          541    x$fpl$dfix          fz_wm.l(dfix.o)
    0x08004c32   0x0000002e   Code   RO          546    x$fpl$dflt          fz_wm.l(dflt_clz.o)
    0x08004c60   0x00000154   Code   RO          551    x$fpl$dmul          fz_wm.l(dmul.o)
    0x08004db4   0x0000009c   Code   RO          565    x$fpl$dnaninf       fz_wm.l(dnaninf.o)
    0x08004e50   0x0000000c   Code   RO          567    x$fpl$dretinf       fz_wm.l(dretinf.o)
    0x08004e5c   0x000001d4   Code   RO          533    x$fpl$dsub          fz_wm.l(daddsub_clz.o)
    0x08005030   0x0000000a   Code   RO          698    x$fpl$fpinit        fz_wm.l(fpinit.o)
    0x0800503a   0x00000004   Code   RO          553    x$fpl$printf1       fz_wm.l(printf1.o)
    0x0800503e   0x00000000   Code   RO          569    x$fpl$usenofp       fz_wm.l(usenofp.o)
    0x0800503e   0x00000002   PAD
    0x08005040   0x00000094   Data   RO          597    .constdata          c_w.l(bigflt0.o)
    0x080050d4   0x00000020   Data   RO          768    Region$$Table       anon$$obj.o
    0x080050f4   0x0000001c   Data   RO          625    locale$$data        c_w.l(lc_numeric_c.o)


    Execution Region RW_IRAM1 (Base: 0x20000000, Size: 0x000007c0, Max: 0x00020000, ABSOLUTE)

    Base Addr    Size         Type   Attr      Idx    E Section Name        Object

    0x20000000   0x00000040   Data   RW          152    .data               pwm.o
    0x20000040   0x00000014   Data   RW          227    .data               system_stm32f4xx.o
    0x20000054   0x00000004   Data   RW          273    .data               delay.o
    0x20000058   0x00000069   Data   RW          314    .data               usart.o
    0x200000c1   0x00000010   Data   RW          451    .data               stm32f4xx_rcc.o
    0x200000d1   0x00000003   PAD
    0x200000d4   0x0000008b   Zero   RW          313    .bss                usart.o
    0x2000015f   0x00000001   PAD
    0x20000160   0x00000060   Zero   RW          633    .bss                c_w.l(libspace.o)
    0x200001c0   0x00000200   Zero   RW          342    HEAP                startup_stm32f40_41xxx.o
    0x200003c0   0x00000400   Zero   RW          341    STACK               startup_stm32f40_41xxx.o


==============================================================================

Image component sizes


      Code (inc. data)   RO Data    RW Data    ZI Data      Debug   Object Name

       260          8          0          4          0       1609   delay.o
        76          6          0          0          0     295255   main.o
       224         20          0          0          0       1989   misc.o
      2400        224          0         64          0       3328   pwm.o
        64         26        392          0       1536        892   startup_stm32f40_41xxx.o
       936         32          0          0          0       6465   stm32f4xx_dma.o
       660         44          0          0          0       4265   stm32f4xx_gpio.o
        26          0          0          0          0       1306   stm32f4xx_it.o
      1628         52          0         16          0      13140   stm32f4xx_rcc.o
      3234         60          0          0          0      22468   stm32f4xx_tim.o
      1108         34          0          0          0       7964   stm32f4xx_usart.o
       528         46          0         20          0       2035   system_stm32f4xx.o
      2092        208          0        105        139       6437   usart.o

    ----------------------------------------------------------------------
     13240        760        424        212       1676     367153   Object Totals
         0          0         32          0          0          0   (incl. Generated)
         4          0          0          3          1          0   (incl. Padding)

    ----------------------------------------------------------------------

      Code (inc. data)   RO Data    RW Data    ZI Data      Debug   Library Member Name

         8          0          0          0          0         68   __main.o
       284          0          0          0          0        156   __printf_wp.o
         0          0          0          0          0          0   __rtentry.o
        12          0          0          0          0          0   __rtentry2.o
         6          0          0          0          0          0   __rtentry4.o
        52          8          0          0          0          0   __scatter.o
        26          0          0          0          0          0   __scatter_copy.o
        28          0          0          0          0          0   __scatter_zi.o
        48          6          0          0          0         96   _printf_char_common.o
        36          4          0          0          0         80   _printf_char_file.o
         6          0          0          0          0          0   _printf_d.o
       120         16          0          0          0         92   _printf_dec.o
         6          0          0          0          0          0   _printf_f.o
      1050          0          0          0          0        216   _printf_fp_dec.o
       128         16          0          0          0         84   _printf_fp_infnan.o
       178          0          0          0          0         88   _printf_intcommon.o
        78          0          0          0          0        108   _printf_pad.o
         0          0          0          0          0          0   _printf_percent.o
         4          0          0          0          0          0   _printf_percent_end.o
       220          4        148          0          0         96   bigflt0.o
      1910        128          0          0          0        672   btod.o
        12          0          0          0          0         72   exit.o
         8          0          0          0          0         68   ferror.o
         6          0          0          0          0        152   heapauxi.o
        44         10         28          0          0         76   lc_numeric_c.o
         2          0          0          0          0          0   libinit.o
        22          0          0          0          0          0   libinit2.o
         2          0          0          0          0          0   libshutdown.o
         2          0          0          0          0          0   libshutdown2.o
         8          4          0          0         96         68   libspace.o
       138          0          0          0          0         80   lludiv10.o
        24          4          0          0          0         84   noretval__2printf.o
         8          4          0          0          0         68   rt_locale_intlibspace.o
         2          0          0          0          0          0   rtexit.o
        10          0          0          0          0          0   rtexit2.o
       128          0          0          0          0         68   strcmpv7m.o
        74          0          0          0          0         80   sys_stackheap_outer.o
         2          0          0          0          0         68   use_no_semi.o
         2          0          0          0          0         68   use_no_semi_2.o
       804         16          0          0          0        368   daddsub_clz.o
       688        140          0          0          0        256   ddiv.o
        94          4          0          0          0        140   dfix.o
        46          0          0          0          0        116   dflt_clz.o
       340         12          0          0          0        152   dmul.o
       156          4          0          0          0        140   dnaninf.o
        12          0          0          0          0        116   dretinf.o
        10          0          0          0          0        116   fpinit.o
         4          0          0          0          0        116   printf1.o
         0          0          0          0          0          0   usenofp.o
        48          0          0          0          0        124   fpclassify.o

    ----------------------------------------------------------------------
      6912        380        176          0         96       4352   Library Totals
        16          0          0          0          0          0   (incl. Padding)

    ----------------------------------------------------------------------

      Code (inc. data)   RO Data    RW Data    ZI Data      Debug   Library Name

      4694        204        176          0         96       2708   c_w.l
      2154        176          0          0          0       1520   fz_wm.l
        48          0          0          0          0        124   m_wm.l

    ----------------------------------------------------------------------
      6912        380        176          0         96       4352   Library Totals

    ----------------------------------------------------------------------

==============================================================================


      Code (inc. data)   RO Data    RW Data    ZI Data      Debug   

     20152       1140        600        212       1772     366549   Grand Totals
     20152       1140        600        212       1772     366549   ELF Image Totals
     20152       1140        600        212          0          0   ROM Totals

==============================================================================

    Total RO  Size (Code + RO Data)                20752 (  20.27kB)
    Total RW  Size (RW Data + ZI Data)              1984 (   1.94kB)
    Total ROM Size (Code + RO Data + RW Data)      20964 (  20.47kB)

==============================================================================

